******************************************************************************
                  TI ARM Linker PC v16.9.3                     
******************************************************************************
>> Linked Tue Jul 18 22:26:07 2017

OUTPUT FILE NAME:   <WaterQualitySensor_EK_TM4C1294XL.out>
ENTRY POINT SYMBOL: "_c_int00"  address: 000118ad


MEMORY CONFIGURATION

         name            origin    length      used     unused   attr    fill
----------------------  --------  ---------  --------  --------  ----  --------
  FLASH                 00000000   00100000  0001926c  000e6d94  R  X
  SRAM                  20000000   00040000  00010772  0002f88e  RW X


SEGMENT ALLOCATION MAP

run origin  load origin   length   init length attrs members
----------  ----------- ---------- ----------- ----- -------
00000000    00000000    00019278   00019278    r-x
  00000000    00000000    0000003c   0000003c    r-- .resetVecs
  00000040    00000040    0001644a   0001644a    r-x .text
  00016490    00016490    00002936   00002936    r-- .const
  00018dc8    00018dc8    000004b0   000004b0    r-- .cinit
20000000    20000000    00000360   00000000    rw-
  20000000    20000000    00000360   00000000    rw- .vecs
20000380    20000380    00010414   00000000    rw-
  20000380    20000380    0000f27e   00000000    rw- .bss
  2000f600    2000f600    00000994   00000000    rw- .data
  2000ff94    2000ff94    00000800   00000000    rw- .stack


SECTION ALLOCATION MAP

 output                                  attributes/
section   page    origin      length       input sections
--------  ----  ----------  ----------   ----------------
.text      0    00000040    0001644a     
                  00000040    0000113e     rtsv7M4_T_le_v4SPD16_eabi.lib : _printfi.obj (.text)
                  0000117e    00000002     hal_userled_stub.aem4f : llled.oem4f (.text:LED_TOGGLE)
                  00001180    00000c68     stk.aem4f : tcpin.oem4f (.text:TcpInput)
                  00001de8    000008b8               : tcpout.oem4f (.text:TcpOutput)
                  000026a0    00000430     sysbios.aem4f : BIOS.obj (.text:ti_sysbios_family_arm_m3_Hwi_excDumpRegs__I)
                  00002ad0    0000042c     http.obj (.text:sendUpdate)
                  00002efc    00000408     stk.aem4f : ipout.oem4f (.text:IPTxPacket)
                  00003304    00000384               : ipin.oem4f (.text:IPRxPacket)
                  00003688    00000372     nettool_ipv4.aem4f : dnscomn.oem4f (.text:DNSResolveByName)
                  000039fa    00000002     stk.aem4f : nat.oem4f (.text:NatMsg)
                  000039fc    0000034c     ti.targets.arm.rtsarm.aem4f : System.oem4f (.text:xdc_runtime_System_doPrint__I)
                  00003d48    00000324     rtsv7M4_T_le_v4SPD16_eabi.lib : trgdrv.obj (.text)
                  0000406c    000002fe     nettool_ipv4.aem4f : dnscomn.oem4f (.text:DNSResolveByAddr)
                  0000436a    00000002     os.aem4f : task.oem4f (.text:_TaskInit)
                  0000436c    000002f8     nettool_ipv4.aem4f : inetaddr.oem4f (.text:getaddrinfo)
                  00004664    000002da                        : dnscomn.oem4f (.text:DNSResolveByNS)
                  0000493e    00000002     os.aem4f : task.oem4f (.text:_TaskShutdown)
                  00004940    00000284     stk.aem4f : sock.oem4f (.text:SockSet)
                  00004bc4    0000024c               : ipfrag.oem4f (.text:IPReasm)
                  00004e10    0000023c               : icmpin.oem4f (.text:ICMPInput)
                  0000504c    0000023c     rtsv7M4_T_le_v4SPD16_eabi.lib : strtod.obj (.text)
                  00005288    00000238     stk.aem4f : udp.oem4f (.text:UdpInput)
                  000054c0    00000204     Boot.aem4f : Boot_sysctl.oem4f (.text:ti_catalog_arm_cortexm4_tiva_ce_Boot_sysCtlClockFreqSetI__I)
                  000056c4    00000004     stk.aem4f : bind.oem4f (.text:BindGetIF)
                  000056c8    000001fc     sysbios.aem4f : BIOS.obj (.text:ti_sysbios_family_arm_m3_Hwi_excHandlerMax__I)
                  000058c4    000001f4     stk.aem4f : sock.oem4f (.text:SockRecv)
                  00005ab8    000001f4     rtsv7M4_T_le_v4SPD16_eabi.lib : ull_div_t2.obj (.text)
                  00005cac    000001b8     drivers_tivaware.aem4f : EMACSnow.oem4f (.text:EMACSnow_NIMUInit)
                  00005e64    000001b6     rtsv7M4_T_le_v4SPD16_eabi.lib : fd_add_t2.obj (.text)
                  0000601a    00000002     hal_ser_stub.aem4f : llserstb.oem4f (.text:_llSerialServiceCheck)
                  0000601c    000001b0     stk.aem4f : lliout.oem4f (.text:LLITxIpPacket)
                  000061cc    000001ac               : lliin.oem4f (.text:LLIRxPacket)
                  00006378    0000019c     os.aem4f : mem.oem4f (.text:mmAlloc)
                  00006514    0000019a     nettool_ipv4.aem4f : dnsclnt.oem4f (.text:DNSResolve)
                  000066ae    00000002     hal_ser_stub.aem4f : llserstb.oem4f (.text:_llSerialShutdown)
                  000066b0    00000198     stk.aem4f : igmp.oem4f (.text:IGMPInput)
                  00006848    00000198     nettool_ipv4.aem4f : ipaddr.oem4f (.text:NtGetPublicHost)
                  000069e0    00000190     stk.aem4f : sock.oem4f (.text:SockNew)
                  00006b70    0000017c     i2c.obj (.text:updateValues)
                  00006cec    00000174     netctrl_min_ipv4.aem4f : netctrl.oem4f (.text:NC_NetStart)
                  00006e60    00000174     sysbios.aem4f : BIOS.obj (.text:ti_sysbios_family_arm_m3_Hwi_excBusFault__I)
                  00006fd4    00000170     stk.aem4f : rtc.oem4f (.text:RTCReport)
                  00007144    0000016c     nettool_ipv4.aem4f : dnscomn.oem4f (.text:DNSResolveExternal)
                  000072b0    0000016a     stk.aem4f : sb.oem4f (.text:SBRead)
                  0000741a    00000006     driverlib.lib : emac.obj (.text:EMACRxDMADescriptorListSet)
                  00007420    00000164     sysbios.aem4f : BIOS.obj (.text:ti_sysbios_family_arm_m3_Hwi_excUsageFault__I)
                  00007584    00000160     stk.aem4f : sock.oem4f (.text:SockConnect)
                  000076e4    00000158     nettool_ipv4.aem4f : dhcpmain.oem4f (.text:DHCPOpen)
                  0000783c    00000150     drivers_tivaware.aem4f : GPIOTiva.oem4f (.text:GPIO_setConfig)
                  0000798c    00000150     http.obj (.text:httpTask)
                  00007adc    00000004     stk.aem4f : bind.oem4f (.text:BindGetNext)
                  00007ae0    00000150     sysbios.aem4f : BIOS.obj (.text:ti_sysbios_knl_Task_Instance_finalize__E)
                  00007c30    00000148                   : BIOS.obj (.text:ti_sysbios_family_arm_m3_Hwi_excMemFault__I)
                  00007d78    00000144     stk.aem4f : bind.oem4f (.text:BindNew)
                  00007ebc    00000140               : tcp.oem4f (.text:TcpTimeoutCheck)
                  00007ffc    0000013c     nettool_ipv4.aem4f : config.oem4f (.text:CfgAddEntry)
                  00008138    0000013c     stk.aem4f : sockint.oem4f (.text:SockNotify)
                  00008274    0000013c               : sock.oem4f (.text:SockSend)
                  000083b0    00000138     sysbios.aem4f : BIOS.obj (.text:ti_sysbios_knl_Semaphore_pend__E)
                  000084e8    00000136     nettool_ipv4.aem4f : dnspkt.oem4f (.text:DNSGetReply)
                  0000861e    00000136     rtsv7M4_T_le_v4SPD16_eabi.lib : fd_div_t2.obj (.text)
                  00008754    00000134     stk.aem4f : icmp.oem4f (.text:ICMPGenPacket)
                  00008888    00000132     nettool_ipv4.aem4f : dnspkt.oem4f (.text:DNSReadRecord)
                  000089ba    00000130     driverlib.lib : gpio.obj (.text:GPIOPadConfigSet)
                  00008aea    00000002     hal_userled_stub.aem4f : llled.oem4f (.text:_llUserLedInit)
                  00008aec    0000012c     EK_TM4C1294XL.obj (.text:EK_TM4C1294XL_initEMAC)
                  00008c18    00000128     http_ndk.aem4f : httpcli.oem4f (.text:contentHandler)
                  00008d40    00000124     stk.aem4f : sockpcb.oem4f (.text:SockPcbResolve)
                  00008e64    00000124               : udp.oem4f (.text:UdpOutput)
                  00008f88    00000120     WQS_pem4f.oem4f (.text:ti_ndk_config_Global_stackThread)
                  000090a8    00000118     http_ndk.aem4f : httpcli.oem4f (.text:HTTPCli_connect)
                  000091c0    00000118     stk.aem4f : tcpout.oem4f (.text:TcpGenPacket)
                  000092d8    00000118     ti.targets.arm.rtsarm.aem4f : Error.oem4f (.text:xdc_runtime_Error_policyDefault__E)
                  000093f0    00000114     stk.aem4f : nimu.oem4f (.text:NIMUIoctl)
                  00009504    00000114     rtsv7M4_T_le_v4SPD16_eabi.lib : strtoul.obj (.text)
                  00009618    00000110     stk.aem4f : node.oem4f (.text:NodeTreeFree)
                  00009728    00000110               : raw.oem4f (.text:RawInput)
                  00009838    0000010c               : rtable.oem4f (.text:RtFind)
                  00009944    0000010a               : route.oem4f (.text:RtCreate)
                  00009a4e    00000002     hal_userled_stub.aem4f : llled.oem4f (.text:_llUserLedShutdown)
                  00009a50    00000108     drivers_tivaware.aem4f : EMACSnow.oem4f (.text:EMACSnow_emacStart)
                  00009b58    00000108     sysbios.aem4f : BIOS.obj (.text:ti_sysbios_family_arm_lm4_Timer_start__E)
                  00009c60    00000106     http_ndk.aem4f : httpcli.oem4f (.text:HTTPCli_getResponseField)
                  00009d66    00000002     hal_ser_stub.aem4f : llserstb.oem4f (.text:llSerialService)
                  00009d68    00000104     os.aem4f : task.oem4f (.text:llEnter)
                  00009e6c    00000102     nettool_ipv4.aem4f : dhcppkt.oem4f (.text:dhcpPacketProcess)
                  00009f6e    00000102                        : inetaddr.oem4f (.text:inet_aton)
                  0000a070    00000100     stk.aem4f : igmp.oem4f (.text:IGMPSendReply)
                  0000a170    00000100     ti.targets.arm.rtsarm.aem4f : Core-mem.oem4f (.text:xdc_runtime_Core_createObject__I)
                  0000a270    000000fc     netctrl_min_ipv4.aem4f : netctrl.oem4f (.text:NetScheduler)
                  0000a36c    000000fc     rtsv7M4_T_le_v4SPD16_eabi.lib : fd_mul_t2.obj (.text)
                  0000a468    000000fc                                   : s_scalbn.obj (.text)
                  0000a564    000000f8     stk.aem4f : pipe.oem4f (.text:PipeRecv)
                  0000a65c    000000f8     ti.targets.arm.rtsarm.aem4f : Startup.oem4f (.text:xdc_runtime_Startup_startMods__I)
                  0000a754    000000f8     WQS_pem4f.oem4f (.text:xdc_runtime_System_printfExtend__I)
                  0000a84c    000000f4     os.aem4f : task.oem4f (.text:TaskGetEnv)
                  0000a940    000000f4     sysbios.aem4f : m3_Hwi_asm.obj (.text:ti_sysbios_family_arm_m3_Hwi_dispatch__I)
                  0000aa34    00000004     http_ndk.aem4f : httpcli.oem4f (.text:HTTPCli_construct)
                  0000aa38    000000f4     sysbios.aem4f : BIOS.obj (.text:ti_sysbios_knl_Task_Instance_init__E)
                  0000ab2c    000000f2     http_ndk.aem4f : httpcli.oem4f (.text:bufferedRecv)
                  0000ac1e    00000002     rtsv7M4_T_le_v4SPD16_eabi.lib : i_div0.obj (.text)
                  0000ac20    000000f0     stk.aem4f : lliout.oem4f (.text:LLIGenArpPacket)
                  0000ad10    000000f0               : sock.oem4f (.text:SockClose)
                  0000ae00    000000ee     nettool_ipv4.aem4f : dnspkt.oem4f (.text:DNSWriteRecord)
                  0000aeee    00000002     WQS_pem4f.oem4f (.text:ti_ndk_config_Global_NetworkClose)
                  0000aef0    000000ec     http_ndk.aem4f : httpcli.oem4f (.text:redirect)
                  0000afdc    00000004     driverlib.lib : i2c.obj (.text:I2CMasterControl)
                  0000afe0    000000ec     sysbios.aem4f : BIOS.obj (.text:ti_sysbios_knl_Task_postInit__I)
                  0000b0cc    000000e8     os.aem4f : task.oem4f (.text:TaskSetEnv)
                  0000b1b4    000000e6     nettool_ipv4.aem4f : dnspkt.oem4f (.text:DNSWriteName)
                  0000b29a    00000002     WQS_pem4f.oem4f (.text:ti_ndk_config_Global_NetworkOpen)
                  0000b29c    000000e6     http_ndk.aem4f : httpcli.oem4f (.text:HTTPCli_initSockAddr)
                  0000b382    00000002     WQS_pem4f.oem4f (.text:ti_sysbios_BIOS_nullFunc__I)
                  0000b384    000000e0     drivers_tivaware.aem4f : I2CTiva.oem4f (.text:I2CTiva_open)
                  0000b464    000000e0     stk.aem4f : tcptime.oem4f (.text:TcpTimeoutRexmt)
                  0000b544    000000dc               : sb.oem4f (.text:SBWrite)
                  0000b620    000000dc     nettool_ipv4.aem4f : dhcpsock.oem4f (.text:dhcpSocketOpen)
                  0000b6fc    000000dc                        : dhcpsm.oem4f (.text:dhcpState)
                  0000b7d8    000000d8     stk.aem4f : node.oem4f (.text:NodeAdd)
                  0000b8b0    000000d8               : tcpprot.oem4f (.text:TcpPrSetOption)
                  0000b988    000000d6     drivers_tivaware.aem4f : I2CTiva.oem4f (.text:I2CTiva_hwiFxn)
                  0000ba5e    00000002     WQS_pem4f.oem4f (.text:xdc_runtime_Startup_reset__I)
                  0000ba60    000000d4     drivers_tivaware.aem4f : EMACSnow.oem4f (.text:EMACSnow_handleRx)
                  0000bb34    000000d4     stk.aem4f : sockpcb.oem4f (.text:SockPcbBind)
                  0000bc08    000000d1               : nimu.oem4f (.text:NIMUReceivePacket)
                  0000bcd9    00000003     --HOLE-- [fill = 0]
                  0000bcdc    000000cc               : icmp.oem4f (.text:ICMPSendRtAdv)
                  0000bda8    000000cc     nettool_ipv4.aem4f : dhcpbild.oem4f (.text:dhcpBuildHeader)
                  0000be74    000000cc                        : dhcpsm.oem4f (.text:dhcpIPAdd)
                  0000bf40    000000cc                        : dhcppkt.oem4f (.text:dhcpVerifyMessage)
                  0000c00c    00000004     driverlib.lib : i2c.obj (.text:I2CMasterDataGet)
                  0000c010    000000cc     sysbios.aem4f : BIOS.obj (.text:ti_sysbios_heaps_HeapMem_alloc__E)
                  0000c0dc    000000cc     ti.targets.arm.rtsarm.aem4f : Core-smem.oem4f (.text:xdc_runtime_Core_constructObject__I)
                  0000c1a8    000000c8     stk.aem4f : rawethsock.oem4f (.text:RawEthSockNew)
                  0000c270    000000c8     netctrl_min_ipv4.aem4f : netsrv.oem4f (.text:SPIpNet)
                  0000c338    000000c8     sysbios.aem4f : BIOS.obj (.text:ti_sysbios_knl_Task_sleep__E)
                  0000c400    000000c4     drivers_tivaware.aem4f : EMACSnow.oem4f (.text:EMACSnow_InitDMADescriptors)
                  0000c4c4    000000c4     stk.aem4f : igmp.oem4f (.text:IGMPJoinHostGroup)
                  0000c588    000000c4     nettool_ipv4.aem4f : dhcpsm.oem4f (.text:StateBound)
                  0000c64c    000000c4     http_ndk.aem4f : httpcli.oem4f (.text:getChunkedData)
                  0000c710    000000c2     nettool_ipv4.aem4f : dnspkt.oem4f (.text:DNSReadName)
                  0000c7d2    00000002     --HOLE-- [fill = 0]
                  0000c7d4    000000be                        : dnsclnt.oem4f (.text:DNSGetHostByName)
                  0000c892    000000bc     stk.aem4f : sockpcb.oem4f (.text:SockPcbFind)
                  0000c94e    00000002     --HOLE-- [fill = 0]
                  0000c950    000000bc               : vlan.oem4f (.text:VLANDeinit)
                  0000ca0c    00000004     driverlib.lib : i2c.obj (.text:I2CMasterDataPut)
                  0000ca10    000000bc     sysbios.aem4f : BIOS.obj (.text:ti_sysbios_family_arm_m3_Hwi_excDebugMon__I)
                  0000cacc    00000004     os.aem4f : ossys.oem4f (.text:NDK_vsprintf)
                  0000cad0    000000bc     sysbios.aem4f : BIOS.obj (.text:ti_sysbios_family_arm_m3_Hwi_excHardFault__I)
                  0000cb8c    000000b8     EK_TM4C1294XL.obj (.text:EK_TM4C1294XL_initGeneral)
                  0000cc44    000000b8     stk.aem4f : icmpin.oem4f (.text:ICMPRevSrcRoute)
                  0000ccfc    000000b8               : lli.oem4f (.text:_LLITimeoutCheck)
                  0000cdb4    00000004               : node.oem4f (.text:NodeSetRt)
                  0000cdb8    000000b8     sysbios.aem4f : BIOS.obj (.text:ti_sysbios_knl_Task_exit__E)
                  0000ce70    000000b4     stk.aem4f : tcptime.oem4f (.text:TcpTimeoutKeep)
                  0000cf24    000000b4     http_ndk.aem4f : httpcli.oem4f (.text:getStatus)
                  0000cfd8    000000b4     http.obj (.text:netIPAddrHook)
                  0000d08c    00000004     stk.aem4f : rawethsock_prot.oem4f (.text:RawEthSockPrAttach)
                  0000d090    000000b4     sysbios.aem4f : BIOS.obj (.text:ti_sysbios_knl_Task_checkStacks__E)
                  0000d144    000000b1     nettool_ipv4.aem4f : inetaddr.oem4f (.text:createAddrInfo)
                  0000d1f5    00000001     --HOLE-- [fill = 0]
                  0000d1f6    000000b0     stk.aem4f : rawethsock.oem4f (.text:RawEthSockSet)
                  0000d2a6    00000002     --HOLE-- [fill = 0]
                  0000d2a8    000000ac               : rtable.oem4f (.text:RtTimeoutCheck)
                  0000d354    000000ac     http_ndk.aem4f : httpcli.oem4f (.text:httpProxyTunnel)
                  0000d400    000000ac     sysbios.aem4f : BIOS.obj (.text:ti_sysbios_family_arm_lm4_Timer_enableTiva__I)
                  0000d4ac    000000aa     network_ndk.aem4f : ssock.oem4f (.text:Ssock_send)
                  0000d556    00000002     --HOLE-- [fill = 0]
                  0000d558    000000a8     stk.aem4f : sockint.oem4f (.text:SockCreatePacket)
                  0000d600    000000a4     sysbios.aem4f : BIOS.obj (.text:ti_sysbios_knl_Task_setPri__E)
                  0000d6a4    000000a0     stk.aem4f : ip.oem4f (.text:IPGetRoute)
                  0000d744    000000a0     auto_init.aem4f : auto_init.oem4f (.text)
                  0000d7e4    000000a0     ti.targets.arm.rtsarm.aem4f : Text.oem4f (.text:xdc_runtime_Text_putMod__E)
                  0000d884    0000009e     stk.aem4f : nimu.oem4f (.text:NIMUAddEthernetHeader)
                  0000d922    0000009e     nettool_ipv4.aem4f : dhcpbild.oem4f (.text:dhcpBuildRequest)
                  0000d9c0    0000009c     stk.aem4f : exec.oem4f (.text:ExecOpen)
                  0000da5c    0000009c     rtsv7M4_T_le_v4SPD16_eabi.lib : memcpy_t2.obj (.text)
                  0000daf8    0000009c     sysbios.aem4f : BIOS.obj (.text:ti_sysbios_knl_Task_schedule__I)
                  0000db94    0000009a     ti.targets.arm.rtsarm.aem4f : Text.oem4f (.text:xdc_runtime_Text_putSite__E)
                  0000dc2e    00000002     --HOLE-- [fill = 0]
                  0000dc30    00000098     netctrl_min_ipv4.aem4f : netctrl.oem4f (.text:NC_SystemOpen)
                  0000dcc8    00000098                            : netsrv.oem4f (.text:ServiceScan)
                  0000dd60    00000098     Boot.aem4f : Boot.oem4f (.text:ti_catalog_arm_cortexm4_tiva_ce_Boot_sysCtlClockFreqSet__E)
                  0000ddf8    00000094     nettool_ipv4.aem4f : config.oem4f (.text:CfgRemoveEntry)
                  0000de8c    00000004     stk.aem4f : rawethsock_prot.oem4f (.text:RawEthSockPrDetach)
                  0000de90    00000094     sysbios.aem4f : BIOS.obj (.text:ti_sysbios_family_arm_m3_Hwi_Instance_init__E)
                  0000df24    00000004     os.aem4f : semaphore.oem4f (.text:SemPend)
                  0000df28    00000094     sysbios.aem4f : BIOS.obj (.text:ti_sysbios_family_arm_m3_Hwi_initNVIC__E)
                  0000dfbc    00000090     nettool_ipv4.aem4f : config.oem4f (.text:CfgExecute)
                  0000e04c    00000090     stk.aem4f : igmp.oem4f (.text:IGMPMsg)
                  0000e0dc    00000090     os.aem4f : mem.oem4f (.text:mmBulkAlloc)
                  0000e16c    00000090     http_ndk.aem4f : httpcli.oem4f (.text:readLine)
                  0000e1fc    00000004     os.aem4f : semaphore.oem4f (.text:SemPost)
                  0000e200    00000090     sysbios.aem4f : BIOS.obj (.text:ti_sysbios_knl_Task_Module_startup__E)
                  0000e290    00000090                   : BIOS.obj (.text:ti_sysbios_knl_Task_startCore__E)
                  0000e320    0000008c     nettool_ipv4.aem4f : dnscomn.oem4f (.text:DNSResolveQuery)
                  0000e3ac    0000008c     drivers_tivaware.aem4f : GPIOTiva.oem4f (.text:GPIO_init)
                  0000e438    0000008c     stk.aem4f : ip.oem4f (.text:IPMsg)
                  0000e4c4    0000008c     os.aem4f : mem.oem4f (.text:_mmInit)
                  0000e550    0000008c              : mem.oem4f (.text:mmInitPage)
                  0000e5dc    0000008c     sysbios.aem4f : m3_TaskSupport_asm.obj (.text:ti_sysbios_family_arm_m3_TaskSupport_buildTaskStack)
                  0000e668    0000008a     netctrl_min_ipv4.aem4f : netsrv.oem4f (.text:SPRoute)
                  0000e6f2    00000002     --HOLE-- [fill = 0]
                  0000e6f4    00000088                            : netsrv.oem4f (.text:ServiceSpawn)
                  0000e77c    00000088     stk.aem4f : sockpcb.oem4f (.text:SockPcbCtlError)
                  0000e804    00000087     WQS_pem4f.oem4f (.text:ti_ndk_config_Global_NetworkIPAddr)
                  0000e88b    00000001     --HOLE-- [fill = 0]
                  0000e88c    00000086     nettool_ipv4.aem4f : dhcpsm.oem4f (.text:StateRequesting)
                  0000e912    00000086     rtsv7M4_T_le_v4SPD16_eabi.lib : fd_cmp_t2.obj (.text:__aeabi_cdcmple)
                  0000e998    00000086                                   : fd_cmp_t2.obj (.text:__aeabi_cdrcmple)
                  0000ea1e    00000002     --HOLE-- [fill = 0]
                  0000ea20    00000084     nettool_ipv4.aem4f : config.oem4f (.text:CfgGetEntry)
                  0000eaa4    00000084     drivers_tivaware.aem4f : EMACSnow.oem4f (.text:EMACSnow_processPhyInterrupt)
                  0000eb28    00000084     stk.aem4f : tcpprot.oem4f (.text:TcpPrAttach)
                  0000ebac    00000084     os.aem4f : mem.oem4f (.text:mmBulkFree)
                  0000ec30    00000084              : mem.oem4f (.text:mmFree)
                  0000ecb4    00000004              : semaphore.oem4f (.text:SemReset)
                  0000ecb8    00000084     sysbios.aem4f : BIOS.obj (.text:ti_sysbios_family_arm_m3_Hwi_postInit__I)
                  0000ed3c    00000082     nettool_ipv4.aem4f : dhcpsm.oem4f (.text:StateRenewRebind)
                  0000edbe    00000002     --HOLE-- [fill = 0]
                  0000edc0    00000080     drivers_tivaware.aem4f : EMACSnow.oem4f (.text:EMACSnow_emacStop)
                  0000ee40    00000080                            : EMACSnow.oem4f (.text:EMACSnow_processPendingTx)
                  0000eec0    00000080     stk.aem4f : lli.oem4f (.text:LLINew)
                  0000ef40    00000080     netctrl_min_ipv4.aem4f : netsrv.oem4f (.text:NS_BootTask)
                  0000efc0    00000080     stk.aem4f : pbm.oem4f (.text:PBM_alloc)
                  0000f040    00000080               : raw.oem4f (.text:RawOutput)
                  0000f0c0    0000007e     drivers_tivaware.aem4f : I2CTiva.oem4f (.text:I2CTiva_transfer)
                  0000f13e    0000007e     stk.aem4f : fileuser.oem4f (.text:fdClose)
                  0000f1bc    0000007c     nettool_ipv4.aem4f : config.oem4f (.text:CfgGetNextEntry)
                  0000f238    0000007c     drivers_tivaware.aem4f : EMACSnow.oem4f (.text:EMACSnow_hwiIntFxn)
                  0000f2b4    0000007c     stk.aem4f : igmp.oem4f (.text:IGMPDoMCast)
                  0000f330    0000007c               : igmp.oem4f (.text:IGMPJoin)
                  0000f3ac    0000007c               : socket.oem4f (.text:NDK_setsockopt)
                  0000f428    0000007c               : nimu.oem4f (.text:NIMURegister)
                  0000f4a4    0000007c               : pbm.oem4f (.text:PBM_free)
                  0000f520    0000007c     nettool_ipv4.aem4f : inetaddr.oem4f (.text:inet_pton)
                  0000f59c    00000004     network_ndk.aem4f : ssock.oem4f (.text:Ssock_getSocket)
                  0000f5a0    0000007c     sysbios.aem4f : BIOS.obj (.text:ti_sysbios_heaps_HeapMem_free__E)
                  0000f61c    0000007a     rtsv7M4_T_le_v4SPD16_eabi.lib : memset_t2.obj (.text)
                  0000f696    00000002     --HOLE-- [fill = 0]
                  0000f698    00000078     driverlib.lib : emac.obj (.text:EMACInit)
                  0000f710    00000078     stk.aem4f : socket.oem4f (.text:NDK_sendto)
                  0000f788    00000078               : tcptime.oem4f (.text:TcpXmitTimer)
                  0000f800    00000078               : fileuser.oem4f (.text:fdOpenSession)
                  0000f878    00000078     os.aem4f : task.oem4f (.text:llExit)
                  0000f8f0    00000076     stk.aem4f : pipe.oem4f (.text:PipeSend)
                  0000f966    00000002     --HOLE-- [fill = 0]
                  0000f968    00000075               : tcptime.oem4f (.text:TcpTimeoutSackRexmt)
                  0000f9dd    00000003     --HOLE-- [fill = 0]
                  0000f9e0    00000074               : igmp.oem4f (.text:IGMPLeaveHostGroup)
                  0000fa54    00000074               : nimu.oem4f (.text:NIMUShutdown)
                  0000fac8    00000074               : raweth.oem4f (.text:RawEthRxPacket)
                  0000fb3c    00000074               : sockpcb.oem4f (.text:SockPcbConnect)
                  0000fbb0    00000074     nettool_ipv4.aem4f : inetaddr.oem4f (.text:setAddrInfo)
                  0000fc24    00000072     os.aem4f : semaphore.oem4f (.text:SemCreateBinary)
                  0000fc96    00000002     --HOLE-- [fill = 0]
                  0000fc98    00000070     http_ndk.aem4f : httpcli.oem4f (.text:HTTPCli_sendRequest)
                  0000fd08    00000070     stk.aem4f : socket.oem4f (.text:NDK_send)
                  0000fd78    00000070               : rtable.oem4f (.text:RtFlush)
                  0000fde8    00000070     netctrl_min_ipv4.aem4f : netsrv.oem4f (.text:SPConfig)
                  0000fe58    00000070     stk.aem4f : sock.oem4f (.text:SockShutdown)
                  0000fec8    00000070     nettool_ipv4.aem4f : dhcptags.oem4f (.text:dhcpDecodeType)
                  0000ff38    0000006e     stk.aem4f : socket.oem4f (.text:NDK_recv)
                  0000ffa6    00000002     --HOLE-- [fill = 0]
                  0000ffa8    0000006e               : rtable.oem4f (.text:RtWalkNext)
                  00010016    0000006e               : sockpcb.oem4f (.text:SockPcbFindRaw)
                  00010084    0000006e     rtsv7M4_T_le_v4SPD16_eabi.lib : fd_tos_t2.obj (.text)
                  000100f2    00000002     --HOLE-- [fill = 0]
                  000100f4    0000006d     stk.aem4f : node.oem4f (.text:NodeNew)
                  00010161    00000003     --HOLE-- [fill = 0]
                  00010164    0000006d     ti.targets.arm.rtsarm.aem4f : System.oem4f (.text:xdc_runtime_System_formatNum__I)
                  000101d1    00000003     --HOLE-- [fill = 0]
                  000101d4    0000006c     os.aem4f : ossys.oem4f (.text:DbgPrintf)
                  00010240    0000006c     stk.aem4f : node.oem4f (.text:NodeTreeNew)
                  000102ac    0000006c               : raweth.oem4f (.text:RawEthTxPacket)
                  00010318    0000006c               : udp.oem4f (.text:UdpChecksum)
                  00010384    0000006c     http_ndk.aem4f : httpcli.oem4f (.text:checkContentField)
                  000103f0    0000006c     WQS_pem4f.oem4f (.text:ti_ndk_config_ip_init)
                  0001045c    00000004     os.aem4f : task.oem4f (.text:TaskSelf)
                  00010460    0000006c     sysbios.aem4f : BIOS.obj (.text:ti_sysbios_knl_Clock_workFunc__E)
                  000104cc    00000004     os.aem4f : task.oem4f (.text:TaskSetPri)
                  000104d0    0000006c     sysbios.aem4f : BIOS.obj (.text:ti_sysbios_knl_Swi_restoreHwi__E)
                  0001053c    0000006c     ti.targets.arm.rtsarm.aem4f : Error.oem4f (.text:xdc_runtime_Error_print__E)
                  000105a8    0000006c                                 : Memory.oem4f (.text:xdc_runtime_Memory_alloc__E)
                  00010614    0000006a     stk.aem4f : tcpprot.oem4f (.text:TcpPrInherit)
                  0001067e    00000002     --HOLE-- [fill = 0]
                  00010680    00000068     EK_TM4C1294XL.obj (.text:EK_TM4C1294XL_initI2C)
                  000106e8    00000068     stk.aem4f : socket.oem4f (.text:NDK_socket)
                  00010750    00000068               : pbm.oem4f (.text:PBM_open)
                  000107b8    00000068               : rtable.oem4f (.text:_RtNodeInsert)
                  00010820    00000068     rtsv7M4_T_le_v4SPD16_eabi.lib : copy_decompress_lzss.obj (.text:decompress:lzss)
                  00010888    00000068                                   : trgmsg.obj (.text)
                  000108f0    00000066     ti.targets.arm.rtsarm.aem4f : Core-mem.oem4f (.text:xdc_runtime_Core_deleteObject__I)
                  00010956    00000002     --HOLE-- [fill = 0]
                  00010958    00000064     nettool_ipv4.aem4f : config.oem4f (.text:CfgFree)
                  000109bc    00000064     drivers_tivaware.aem4f : GPIOTiva.oem4f (.text:GPIO_hwiIntFxn)
                  00010a20    00000064     stk.aem4f : pbm.oem4f (.text:PBMQ_enq)
                  00010a84    00000064               : sockint.oem4f (.text:SockSpawnAbort)
                  00010ae8    00000064     hal_timer_bios.aem4f : lltimer.oem4f (.text:llTimerTick)
                  00010b4c    00000064     rtsv7M4_T_le_v4SPD16_eabi.lib : s_frexp.obj (.text)
                  00010bb0    00000064     sysbios.aem4f : BIOS.obj (.text:ti_sysbios_family_arm_lm4_Timer_Module_startup__E)
                  00010c14    00000064     WQS_pem4f.oem4f (.text:ti_sysbios_family_arm_m3_Hwi_create)
                  00010c78    00000064     sysbios.aem4f : BIOS.obj (.text:ti_sysbios_family_arm_m3_Hwi_dispatchC__I)
                  00010cdc    00000004     hal_ser_stub.aem4f : llserstb.oem4f (.text:_llSerialInit)
                  00010ce0    00000064     sysbios.aem4f : BIOS.obj (.text:ti_sysbios_knl_Semaphore_post__E)
                  00010d44    00000064     stk.aem4f : lliin.oem4f (.text:updateRtTable)
                  00010da8    00000062     drivers_tivaware.aem4f : I2CTiva.oem4f (.text:I2CTiva_primeTransfer)
                  00010e0a    00000062     stk.aem4f : ipin.oem4f (.text:IPRouteIP)
                  00010e6c    00000062               : sb.oem4f (.text:SBNew)
                  00010ece    00000002     --HOLE-- [fill = 0]
                  00010ed0    00000060     nettool_ipv4.aem4f : config.oem4f (.text:CfgGetEntryCnt)
                  00010f30    00000060     stk.aem4f : file.oem4f (.text:FdWaitEvent)
                  00010f90    00000060               : nimu.oem4f (.text:NIMUUnregister)
                  00010ff0    00000060               : node.oem4f (.text:NodeFind)
                  00011050    00000060               : rtc.oem4f (.text:RTCMsg)
                  000110b0    00000060               : tcp.oem4f (.text:TcpChecksum)
                  00011110    00000060     nettool_ipv4.aem4f : dhcptags.oem4f (.text:dhcpBuildOptions)
                  00011170    00000060     rtsv7M4_T_le_v4SPD16_eabi.lib : sprintf.obj (.text)
                  000111d0    00000060     WQS_pem4f.oem4f (.text:ti_ndk_config_Global_serviceReport)
                  00011230    0000005e     stk.aem4f : route.oem4f (.text:RtRemove)
                  0001128e    0000005e     nettool_ipv4.aem4f : dhcpsm.oem4f (.text:StateSelecting)
                  000112ec    0000005e     stk.aem4f : vlan.oem4f (.text:VLANReceivePacket)
                  0001134a    00000002     --HOLE-- [fill = 0]
                  0001134c    0000005c     nettool_ipv4.aem4f : config.oem4f (.text:CfgSetExecuteOrder)
                  000113a8    0000005c     stk.aem4f : nimu.oem4f (.text:NIMUIoctlSpecialCmd)
                  00011404    0000005c     netctrl_min_ipv4.aem4f : netsrv.oem4f (.text:SPService)
                  00011460    0000005c     WQS_pem4f.oem4f (.text:ti_sysbios_knl_Swi_create)
                  000114bc    00000004     stk.aem4f : listlib.oem4f (.text:list_get_head)
                  000114c0    0000005c     sysbios.aem4f : BIOS.obj (.text:ti_sysbios_knl_Swi_run__I)
                  0001151c    00000004     stk.aem4f : listlib.oem4f (.text:list_get_next)
                  00011520    0000005c     sysbios.aem4f : BIOS.obj (.text:ti_sysbios_knl_Swi_schedule__I)
                  0001157c    0000005c     WQS_pem4f.oem4f (.text:ti_sysbios_knl_Task_create)
                  000115d8    0000005c     sysbios.aem4f : BIOS.obj (.text:ti_sysbios_knl_Task_unblockI__E)
                  00011634    0000005b     ti.targets.arm.rtsarm.aem4f : Text.oem4f (.text:xdc_runtime_Text_putLab__E)
                  0001168f    00000001     --HOLE-- [fill = 0]
                  00011690    0000005a     stk.aem4f : route.oem4f (.text:RtRedirect)
                  000116ea    0000005a               : tcpprot.oem4f (.text:TcpValidateMetrics)
                  00011744    0000005a     nettool_ipv4.aem4f : dhcpbild.oem4f (.text:dhcpBuildDecline)
                  0001179e    0000005a     os.aem4f : mem.oem4f (.text:mmCopy)
                  000117f8    0000005a     WQS_pem4f.oem4f (.text:ti_ndk_config_tcp_init)
                  00011852    00000002     --HOLE-- [fill = 0]
                  00011854    00000058     stk.aem4f : bind.oem4f (.text:BindFree)
                  000118ac    00000058     boot.aem4f : boot.oem4f (.text)
                  00011904    00000058     driverlib.lib : emac.obj (.text:EMACPHYConfigSet)
                  0001195c    00000058     stk.aem4f : igmp.oem4f (.text:IGMPTimer)
                  000119b4    00000058     os.aem4f : semaphore.oem4f (.text:SemCreate)
                  00011a0c    00000058     WQS_pem4f.oem4f (.text:ti_sysbios_family_arm_m3_Hwi_construct)
                  00011a64    00000058     sysbios.aem4f : m3_Hwi_asm_switch.obj (.text:ti_sysbios_family_arm_m3_Hwi_initStacks__E)
                  00011abc    00000056     driverlib.lib : gpio.obj (.text:GPIOIntTypeSet)
                  00011b12    00000056     http_ndk.aem4f : httpcli.oem4f (.text:sprsend)
                  00011b68    00000054     nettool_ipv4.aem4f : config.oem4f (.text:CfgEntryDeRef)
                  00011bbc    00000054     http_ndk.aem4f : httpcli.oem4f (.text:HTTPCli_sendField)
                  00011c10    00000054     stk.aem4f : igmp.oem4f (.text:IGMPLeave)
                  00011c64    00000054               : rawethsock_pcb.oem4f (.text:RawEthSockPcbAttach)
                  00011cb8    00000054               : sockpcb.oem4f (.text:SockCleanPcb)
                  00011d0c    00000054               : tcptime.oem4f (.text:TcpTimeoutPersist)
                  00011d60    00000054     http_ndk.aem4f : httpcli.oem4f (.text:asyncThread)
                  00011db4    00000054     rtsv7M4_T_le_v4SPD16_eabi.lib : exit.obj (.text)
                  00011e08    00000054                                   : ltoa.obj (.text)
                  00011e5c    00000054     i2c.obj (.text:rx)
                  00011eb0    00000054     sysbios.aem4f : BIOS.obj (.text:ti_sysbios_family_arm_lm4_Timer_initDevice__I)
                  00011f04    00000004     http_ndk.aem4f : httpcli.oem4f (.text:threadExit)
                  00011f08    00000054     sysbios.aem4f : BIOS.obj (.text:ti_sysbios_knl_Swi_Instance_init__E)
                  00011f5c    00000054     ti.targets.arm.rtsarm.aem4f : Assert.oem4f (.text:xdc_runtime_Assert_raise__I)
                  00011fb0    00000052     nettool_ipv4.aem4f : dnscomn.oem4f (.text:DNSReplyFree)
                  00012002    00000052     stk.aem4f : tcpprot.oem4f (.text:TcpPrDetach)
                  00012054    00000050     drivers_tivaware.aem4f : GPIOTiva.oem4f (.text:GPIO_setCallback)
                  000120a4    00000050                            : GPIOTiva.oem4f (.text:GPIO_write)
                  000120f4    00000050     stk.aem4f : socket.oem4f (.text:NDK_bind)
                  00012144    00000050               : socket.oem4f (.text:NDK_connect)
                  00012194    00000050               : route.oem4f (.text:RtNew)
                  000121e4    00000050     driverlib.lib : sysctl.obj (.text:SysCtlPeripheralReset)
                  00012234    00000050     Boot.aem4f : Boot_sysctl.oem4f (.text:_SysCtlFrequencyGet)
                  00012284    00000004     WQS_pem4f.oem4f (.text:ti_sysbios_BIOS_RtsGateProxy_enter__E)
                  00012288    00000050     sysbios.aem4f : BIOS.obj (.text:ti_sysbios_family_arm_m3_Hwi_Module_startup__E)
                  000122d8    00000050                   : BIOS.obj (.text:ti_sysbios_knl_Clock_Instance_init__E)
                  00012328    00000050     i2c.obj (.text:tx)
                  00012378    00000050     ti.targets.arm.rtsarm.aem4f : Startup.oem4f (.text:xdc_runtime_Startup_exec__E)
                  000123c8    00000050                                 : Text.oem4f (.text:xdc_runtime_Text_visitRope2__I)
                  00012418    0000004e     stk.aem4f : node.oem4f (.text:NodeDeRef)
                  00012466    0000004e     nettool_ipv4.aem4f : config.oem4f (.text:_CfgEntryScan)
                  000124b4    0000004c                        : ipaddr.oem4f (.text:NtAddNetwork)
                  00012500    0000004c     stk.aem4f : sockint.oem4f (.text:SockValidateRoute)
                  0001254c    0000004c     i2c.obj (.text:allign_data)
                  00012598    0000004c     rtsv7M4_T_le_v4SPD16_eabi.lib : atoi.obj (.text)
                  000125e4    0000004c                                   : cpy_tbl.obj (.text)
                  00012630    0000004c     sysbios.aem4f : BIOS.obj (.text:ti_sysbios_heaps_HeapMem_getStats__E)
                  0001267c    00000004     WQS_pem4f.oem4f (.text:ti_sysbios_BIOS_RtsGateProxy_leave__E)
                  00012680    0000004c     sysbios.aem4f : BIOS.obj (.text:ti_sysbios_knl_Swi_runLoop__I)
                  000126cc    00000004                   : BIOS.obj (.text:ti_sysbios_family_arm_lm4_Timer_masterEnable__I)
                  000126d0    0000004c                   : BIOS.obj (.text:ti_sysbios_knl_Task_allBlockedFunction__I)
                  0001271c    0000004a     netctrl_min_ipv4.aem4f : netsrv.oem4f (.text:ServiceKill)
                  00012766    0000004a     stk.aem4f : sock.oem4f (.text:SockDisconnect)
                  000127b0    0000004a               : timer.oem4f (.text:TimerNew)
                  000127fa    00000048     nettool_ipv4.aem4f : config.oem4f (.text:CfgNew)
                  00012842    00000002     --HOLE-- [fill = 0]
                  00012844    00000048     driverlib.lib : gpio.obj (.text:GPIOPinConfigure)
                  0001288c    00000048                   : i2c.obj (.text:I2CMasterInitExpClk)
                  000128d4    00000048     stk.aem4f : lli.oem4f (.text:LLIMsg)
                  0001291c    00000048               : node.oem4f (.text:NodeWalk)
                  00012964    00000048               : rawethsock_pcb.oem4f (.text:RawEthSockPcbDetach)
                  000129ac    00000048               : sockpcb.oem4f (.text:SockPcbResolveChain)
                  000129f4    00000048               : tcpprot.oem4f (.text:TcpDrop)
                  00012a3c    00000048               : lli.oem4f (.text:_LLIExpListInsert)
                  00012a84    00000048               : rtable.oem4f (.text:_RtExpListInsert)
                  00012acc    00000048               : file.oem4f (.text:fdint_lockfd)
                  00012b14    00000048     rtsv7M4_T_le_v4SPD16_eabi.lib : fd_toi_t2.obj (.text)
                  00012b5c    00000004     WQS_pem4f.oem4f (.text:ti_sysbios_family_arm_m3_Hwi_delete)
                  00012b60    00000048     sysbios.aem4f : BIOS.obj (.text:ti_sysbios_family_arm_lm4_Timer_enableTimers__I)
                  00012ba8    00000048                   : BIOS.obj (.text:ti_sysbios_family_arm_m3_Hwi_disableInterrupt__E)
                  00012bf0    00000048                   : BIOS.obj (.text:ti_sysbios_family_arm_m3_Hwi_enableInterrupt__E)
                  00012c38    00000048                   : BIOS.obj (.text:ti_sysbios_family_arm_m3_Hwi_excReserved__I)
                  00012c80    00000048                   : BIOS.obj (.text:ti_sysbios_knl_Task_deleteTerminatedTasksFunc__I)
                  00012cc8    00000046     nettool_ipv4.aem4f : ipaddr.oem4f (.text:NtIfIdx2Ip)
                  00012d0e    00000046     stk.aem4f : rawethsock.oem4f (.text:RawEthSockSend)
                  00012d54    00000046               : tcpprot.oem4f (.text:TcpPrCtlError)
                  00012d9a    00000046     os.aem4f : mem.oem4f (.text:mmZeroInit)
                  00012de0    00000046     ti.targets.arm.rtsarm.aem4f : Core-params.oem4f (.text:xdc_runtime_Core_assignParams__I)
                  00012e26    00000002     --HOLE-- [fill = 0]
                  00012e28    00000044     drivers_tivaware.aem4f : EMACSnow.oem4f (.text:EMACSnow_processTransmitted)
                  00012e6c    00000044     stk.aem4f : icmp.oem4f (.text:ICMPChecksum)
                  00012eb0    00000044               : ipfrag.oem4f (.text:IPReasmFree)
                  00012ef4    00000044               : lli.oem4f (.text:LLIGetValidTime)
                  00012f38    00000044               : rtable.oem4f (.text:RouteMsg)
                  00012f7c    00000044               : rtable.oem4f (.text:RtWalkEnd)
                  00012fc0    00000044               : sockpcb.oem4f (.text:SockPcbDetach)
                  00013004    00000044               : timer.oem4f (.text:TimerListInsert)
                  00013048    00000044     hal_timer_bios.aem4f : lltimer.oem4f (.text:llTimerGetTime)
                  0001308c    00000004     WQS_pem4f.oem4f (.text:ti_sysbios_family_arm_m3_Hwi_destruct)
                  00013090    00000044     sysbios.aem4f : BIOS.obj (.text:ti_sysbios_family_arm_lm4_Timer_isrStub__E)
                  000130d4    00000004     WQS_pem4f.oem4f (.text:ti_sysbios_family_arm_m3_TaskSupport_Module__startupDone__S)
                  000130d8    00000044     sysbios.aem4f : BIOS.obj (.text:ti_sysbios_family_arm_m3_Hwi_getStackInfo__E)
                  0001311c    00000004     WQS_pem4f.oem4f (.text:ti_sysbios_heaps_HeapMem_Module_GateProxy_enter__E)
                  00013120    00000044     sysbios.aem4f : BIOS.obj (.text:ti_sysbios_knl_Swi_post__E)
                  00013164    00000044     ti.targets.arm.rtsarm.aem4f : Error.oem4f (.text:xdc_runtime_Error_setX__E)
                  000131a8    00000044                                 : SysMin.oem4f (.text:xdc_runtime_SysMin_flush__E)
                  000131ec    00000044                                 : Text.oem4f (.text:xdc_runtime_Text_xprintf__I)
                  00013230    00000042     stk.aem4f : tcpprot.oem4f (.text:TcpPrSendOOB)
                  00013272    00000042               : fileuser.oem4f (.text:fdCloseSession)
                  000132b4    00000040     nettool_ipv4.aem4f : dnspkt.oem4f (.text:DNSBuildRequest)
                  000132f4    00000040     http_ndk.aem4f : httpcli.oem4f (.text:HTTPCli_readResponseBody)
                  00013334    00000040     stk.aem4f : lliin.oem4f (.text:LLIValidateRoute)
                  00013374    00000040               : pbm.oem4f (.text:PBM_copy)
                  000133b4    00000040               : sockpcb.oem4f (.text:SockPcbRtChange)
                  000133f4    00000040               : tcpprot.oem4f (.text:TcpPrSend)
                  00013434    00000040     rtsv7M4_T_le_v4SPD16_eabi.lib : u_divt2.obj (.text)
                  00013474    00000040     http_ndk.aem4f : httpcli.oem4f (.text:threadCreate)
                  000134b4    00000004     WQS_pem4f.oem4f (.text:ti_sysbios_heaps_HeapMem_Module_GateProxy_leave__E)
                  000134b8    00000040     sysbios.aem4f : BIOS.obj (.text:ti_sysbios_family_arm_lm4_Timer_startup__E)
                  000134f8    00000040                   : BIOS.obj (.text:ti_sysbios_heaps_HeapMem_Instance_init__E)
                  00013538    0000003e     nettool_ipv4.aem4f : dhcpmain.oem4f (.text:DHCPClose)
                  00013576    00000002     --HOLE-- [fill = 0]
                  00013578    0000003e     stk.aem4f : nimu.oem4f (.text:NIMUAllocateName)
                  000135b6    0000003e     os.aem4f : task.oem4f (.text:TaskCreate)
                  000135f4    0000003e     stk.aem4f : tcpprot.oem4f (.text:TcpPrDisconnect)
                  00013632    0000003e               : file.oem4f (.text:fdint_unlockfd)
                  00013670    0000003c     nettool_ipv4.aem4f : config.oem4f (.text:CfgEntryGetData)
                  000136ac    0000003c     driverlib.lib : emac.obj (.text:EMACIntDisable)
                  000136e8    0000003c     stk.aem4f : node.oem4f (.text:NodeUpdatePL)
                  00013724    0000003c               : rtable.oem4f (.text:RtWalkBegin)
                  00013760    0000003c               : tcpprot.oem4f (.text:TcpPrConnect)
                  0001379c    0000003c               : tcptime.oem4f (.text:TcpSetPersist)
                  000137d8    0000003c               : rtc.oem4f (.text:_RTCSendRtAdv)
                  00013814    0000003c               : rtable.oem4f (.text:_RtNodeRemove)
                  00013850    0000003c     hal_timer_bios.aem4f : lltimer.oem4f (.text:_llTimerInit)
                  0001388c    0000003c     rtsv7M4_T_le_v4SPD16_eabi.lib : strncasecmp.obj (.text)
                  000138c8    0000003c     sysbios.aem4f : BIOS.obj (.text:ti_sysbios_family_arm_m3_Hwi_excSvCall__I)
                  00013904    00000004     WQS_pem4f.oem4f (.text:ti_sysbios_knl_Clock_TimerProxy_getMaxTicks__E)
                  00013908    0000003c     sysbios.aem4f : BIOS.obj (.text:ti_sysbios_heaps_HeapMem_init__I)
                  00013944    00000004     WQS_pem4f.oem4f (.text:ti_sysbios_knl_Queue_destruct)
                  00013948    0000003c     sysbios.aem4f : BIOS.obj (.text:ti_sysbios_knl_Swi_restore__E)
                  00013984    0000003a     driverlib.lib : emac.obj (.text:EMACIntEnable)
                  000139be    0000003a     drivers_tivaware.aem4f : I2CTiva.oem4f (.text:I2CTiva_completeTransfer)
                  000139f8    00000038     driverlib.lib : emac.obj (.text:EMACConfigGet)
                  00013a30    00000038     drivers_tivaware.aem4f : I2C.oem4f (.text:I2C_init)
                  00013a68    00000038     stk.aem4f : ipfrag.oem4f (.text:IPReasmTimeout)
                  00013aa0    00000038               : node.oem4f (.text:NodeGetRt)
                  00013ad8    00000038     driverlib.lib : sysctl.obj (.text:SysCtlPeripheralReady)
                  00013b10    00000038     stk.aem4f : tcpprot.oem4f (.text:TcpClose)
                  00013b48    00000038               : timer.oem4f (.text:TimerHSTick)
                  00013b80    00000038     nettool_ipv4.aem4f : dhcpbild.oem4f (.text:dhcpBuildDiscover)
                  00013bb8    00000038                        : dhcptags.oem4f (.text:dhcpOptionsClear)
                  00013bf0    00000038     stk.aem4f : file.oem4f (.text:fdint_waitevent)
                  00013c28    00000038     rtsv7M4_T_le_v4SPD16_eabi.lib : fs_tod_t2.obj (.text)
                  00013c60    00000038     sysbios.aem4f : BIOS.obj (.text:ti_sysbios_family_arm_m3_Hwi_excNoIsr__I)
                  00013c98    00000038     WQS_pem4f.oem4f (.text:ti_sysbios_knl_Clock_create)
                  00013cd0    00000038     sysbios.aem4f : BIOS.obj (.text:ti_sysbios_knl_Task_processVitalTaskFlag__I)
                  00013d08    00000038     ti.targets.arm.rtsarm.aem4f : SysMin.oem4f (.text:xdc_runtime_SysMin_putch__E)
                  00013d40    00000038                                 : System.oem4f (.text:xdc_runtime_System_atexit__E)
                  00013d78    00000036     drivers_tivaware.aem4f : I2CTiva.oem4f (.text:I2CTiva_close)
                  00013dae    00000036     stk.aem4f : ip.oem4f (.text:IPChecksum)
                  00013de4    00000036     network_ndk.aem4f : ssock.oem4f (.text:Ssock_recv)
                  00013e1a    00000036     rtsv7M4_T_le_v4SPD16_eabi.lib : strncpy.obj (.text)
                  00013e50    00000035     http.obj (.text:printError)
                  00013e85    00000003     --HOLE-- [fill = 0]
                  00013e88    00000034     nettool_ipv4.aem4f : config.oem4f (.text:CfgSetService)
                  00013ebc    00000034     driverlib.lib : emac.obj (.text:EMACConfigSet)
                  00013ef0    00000034                   : emac.obj (.text:EMACIntClear)
                  00013f24    00000034     drivers_tivaware.aem4f : EMACSnow.oem4f (.text:EMACSnow_emacPoll)
                  00013f58    00000034                            : EMACSnow.oem4f (.text:EMACSnow_isLinkUp)
                  00013f8c    00000034                            : EMAC.oem4f (.text:EMAC_init)
                  00013fc0    00000034     stk.aem4f : exec.oem4f (.text:ExecClose)
                  00013ff4    00000034               : nimu.oem4f (.text:NIMUFindByName)
                  00014028    00000034               : nimu.oem4f (.text:NIMUInit)
                  0001405c    00000034               : rawethsock.oem4f (.text:RawEthSockNotify)
                  00014090    00000034               : sockprot.oem4f (.text:SockPrCtlError)
                  000140c4    00000034     driverlib.lib : sysctl.obj (.text:SysCtlPeripheralEnable)
                  000140f8    00000034     os.aem4f : mem.oem4f (.text:mmUnInitPage)
                  0001412c    00000034              : ossys.oem4f (.text:stricmp)
                  00014160    00000034     sysbios.aem4f : BIOS.obj (.text:ti_sysbios_family_arm_m3_Hwi_Instance_finalize__E)
                  00014194    00000004     WQS_pem4f.oem4f (.text:ti_sysbios_knl_Semaphore_delete)
                  00014198    00000034     sysbios.aem4f : BIOS.obj (.text:ti_sysbios_family_arm_m3_Hwi_excNmi__I)
                  000141cc    00000004     WQS_pem4f.oem4f (.text:ti_sysbios_knl_Semaphore_destruct)
                  000141d0    00000034     sysbios.aem4f : BIOS.obj (.text:ti_sysbios_hal_Hwi_checkStack)
                  00014204    00000034     WQS_pem4f.oem4f (.text:ti_sysbios_knl_Semaphore_create)
                  00014238    00000034     ti.targets.arm.rtsarm.aem4f : Core-label.oem4f (.text:xdc_runtime_Core_assignLabel__I)
                  0001426c    00000033                                 : Text.oem4f (.text:xdc_runtime_Text_printVisFxn__I)
                  0001429f    00000001     --HOLE-- [fill = 0]
                  000142a0    00000032     nettool_ipv4.aem4f : config.oem4f (.text:CfgGetImmediate)
                  000142d2    00000032     stk.aem4f : route.oem4f (.text:RtDeRef)
                  00014304    00000032               : route.oem4f (.text:RtSetFailure)
                  00014336    00000032               : sb.oem4f (.text:SBFlush)
                  00014368    00000032               : sb.oem4f (.text:SBSetMax)
                  0001439a    00000032               : sock.oem4f (.text:SockIntAbort)
                  000143cc    00000032     nettool_ipv4.aem4f : config.oem4f (.text:_CfgAcquire)
                  000143fe    00000032                        : dhcpsm.oem4f (.text:dhcpIPRemove)
                  00014430    00000032     sysbios.aem4f : BIOS.obj (.text:ti_sysbios_hal_Hwi_initStack)
                  00014462    00000006     driverlib.lib : emac.obj (.text:EMACTxDMADescriptorListSet)
                  00014468    00000032     sysbios.aem4f : BIOS.obj (.text:ti_sysbios_knl_Semaphore_pendTimeout__I)
                  0001449a    00000030     driverlib.lib : emac.obj (.text:EMACAddrSet)
                  000144ca    00000002     --HOLE-- [fill = 0]
                  000144cc    00000030     drivers_tivaware.aem4f : EMACSnow.oem4f (.text:EMACSnow_handlePackets)
                  000144fc    00000030                            : I2C.oem4f (.text:I2C_open)
                  0001452c    00000030     netctrl_min_ipv4.aem4f : netsrv.oem4f (.text:NS_PreBoot)
                  0001455c    00000030     stk.aem4f : sock.oem4f (.text:SockBind)
                  0001458c    00000030     nettool_ipv4.aem4f : dhcpsock.oem4f (.text:dhcpPacketSend)
                  000145bc    00000030     stk.aem4f : listlib.oem4f (.text:list_remove_node)
                  000145ec    00000030     http_ndk.aem4f : httpcli.oem4f (.text:skipLine)
                  0001461c    00000030     WQS_pem4f.oem4f (.text:ti_sysbios_BIOS_atExitFunc__I)
                  0001464c    00000004     WQS_pem4f.oem4f (.text:ti_sysbios_knl_Swi_delete)
                  00014650    00000030     sysbios.aem4f : BIOS.obj (.text:ti_sysbios_family_arm_lm4_Timer_stop__E)
                  00014680    00000030                   : BIOS.obj (.text:ti_sysbios_family_arm_m3_TaskSupport_start__E)
                  000146b0    00000030     WQS_pem4f.oem4f (.text:ti_sysbios_gates_GateHwi_Object__create__S)
                  000146e0    00000030     WQS_pem4f.oem4f (.text:ti_sysbios_gates_GateMutex_Object__create__S)
                  00014710    00000030     sysbios.aem4f : BIOS.obj (.text:ti_sysbios_gates_GateMutex_enter__E)
                  00014740    00000030     WQS_pem4f.oem4f (.text:ti_sysbios_heaps_HeapMem_Object__create__S)
                  00014770    00000030     WQS_pem4f.oem4f (.text:ti_sysbios_knl_Semaphore_construct)
                  000147a0    00000030     ti.targets.arm.rtsarm.aem4f : SysMin.oem4f (.text:xdc_runtime_SysMin_abort__E)
                  000147d0    00000030                                 : System.oem4f (.text:xdc_runtime_System_processAtExit__E)
                  00014800    0000002e     stk.aem4f : sb.oem4f (.text:SBFree)
                  0001482e    0000002e     WQS_pem4f.oem4f (.text:malloc)
                  0001485c    0000002e     rtsv7M4_T_le_v4SPD16_eabi.lib : i_tofd_t2.obj (.text)
                  0001488a    0000002e                                   : strcasecmp.obj (.text)
                  000148b8    0000002c     driverlib.lib : emac.obj (.text:EMACIntStatus)
                  000148e4    0000002c     stk.aem4f : file.oem4f (.text:FdSignalEvent)
                  00014910    0000002c               : igmp.oem4f (.text:IGMPTestGroup)
                  0001493c    0000002c     os.aem4f : task.oem4f (.text:NDK_hookCreate)
                  00014968    0000002c     stk.aem4f : nimu.oem4f (.text:NIMUAllocateIndex)
                  00014994    0000002c               : nimu.oem4f (.text:NIMUPacketServiceCheck)
                  000149c0    0000002c               : pipe.oem4f (.text:PipeClose)
                  000149ec    0000002c               : sockpcb.oem4f (.text:SockPcbAttach)
                  00014a18    0000002c               : lli.oem4f (.text:_LLIExpListRemove)
                  00014a44    0000002c               : lli.oem4f (.text:_LLITimeoutFlush)
                  00014a70    0000002c               : rtable.oem4f (.text:_RtExpListRemove)
                  00014a9c    0000002c     i2c.obj (.text:getLength)
                  00014ac8    0000002c     http_ndk.aem4f : httpcli.oem4f (.text:lookUpResponseFields)
                  00014af4    0000002c     rtsv7M4_T_le_v4SPD16_eabi.lib : strncmp.obj (.text)
                  00014b20    0000002c     WQS_pem4f.oem4f (.text:ti_sysbios_knl_Clock_doTick__I)
                  00014b4c    0000002c     WQS_pem4f.oem4f (.text:ti_sysbios_knl_Queue_construct)
                  00014b78    0000002c     sysbios.aem4f : BIOS.obj (.text:ti_sysbios_knl_Task_restore__E)
                  00014ba4    0000002c     ti.targets.arm.rtsarm.aem4f : Text.oem4f (.text:xdc_runtime_Text_cordText__E)
                  00014bd0    0000002a     driverlib.lib : gpio.obj (.text:GPIODirModeSet)
                  00014bfa    0000002a     stk.aem4f : pbm.oem4f (.text:PBMQ_deq)
                  00014c24    0000002a     netctrl_min_ipv4.aem4f : netsrv.oem4f (.text:ServiceCallback)
                  00014c4e    0000002a     nettool_ipv4.aem4f : config.oem4f (.text:_CfgRelease)
                  00014c78    0000002a                        : inetaddr.oem4f (.text:mergeLists)
                  00014ca2    0000002a     ti.targets.arm.rtsarm.aem4f : System.oem4f (.text:xdc_runtime_System_putchar__I)
                  00014ccc    00000028     stk.aem4f : bind.oem4f (.text:BindFindByNet)
                  00014cf4    00000028               : lli.oem4f (.text:LLIFree)
                  00014d1c    00000028     netctrl_min_ipv4.aem4f : netctrl.oem4f (.text:NC_SystemClose)
                  00014d44    00000028     stk.aem4f : nimu.oem4f (.text:NIMUCreatePacket)
                  00014d6c    00000028               : nimu.oem4f (.text:NIMUPacketService)
                  00014d94    00000028               : tcpin.oem4f (.text:TcpEnterTimeWait)
                  00014dbc    00000028               : timer.oem4f (.text:TimerListRemove)
                  00014de4    00000028               : vlan.oem4f (.text:VLANFindSourceInterface)
                  00014e0c    00000028               : vlan.oem4f (.text:VLANInit)
                  00014e34    00000028     nettool_ipv4.aem4f : dhcpsock.oem4f (.text:dhcpPacketReceive)
                  00014e5c    00000028     drivers_tivaware.aem4f : EMACSnow.oem4f (.text:signalLinkChange)
                  00014e84    00000004     WQS_pem4f.oem4f (.text:ti_sysbios_knl_Task_delete)
                  00014e88    00000028     sysbios.aem4f : BIOS.obj (.text:ti_sysbios_knl_Clock_addI__E)
                  00014eb0    00000028                   : BIOS.obj (.text:ti_sysbios_knl_Swi_Module_startup__E)
                  00014ed8    00000026     nettool_ipv4.aem4f : config.oem4f (.text:CfgEntryInfo)
                  00014efe    00000026     driverlib.lib : emac.obj (.text:EMACPHYRead)
                  00014f24    00000026                   : emac.obj (.text:EMACPHYWrite)
                  00014f4a    00000026     stk.aem4f : rawethsock.oem4f (.text:RawEthSockClose)
                  00014f70    00000026     sysbios.aem4f : m3_Hwi_asm.obj (.text:ti_sysbios_family_arm_m3_Hwi_pendSV__I)
                  00014f96    00000026     ti.targets.arm.rtsarm.aem4f : System.oem4f (.text:xdc_runtime_System_avprintf__E)
                  00014fbc    00000024     stk.aem4f : bind.oem4f (.text:BindFindByHost)
                  00014fe0    00000024               : bind.oem4f (.text:BindGetIFByDBCast)
                  00015004    00000024     drivers_tivaware.aem4f : EMACSnow.oem4f (.text:EMACSnow_pkt_service)
                  00015028    00000024                            : EMACSnow.oem4f (.text:EMACSnow_primeRx)
                  0001504c    00000024     stk.aem4f : exec.oem4f (.text:ExecTimer)
                  00015070    00000024     http_ndk.aem4f : httpcli.oem4f (.text:HTTPCli_disconnect)
                  00015094    00000024     stk.aem4f : nimu.oem4f (.text:NIMUFindByIndex)
                  000150b8    00000024               : rtc.oem4f (.text:RTCAddHook)
                  000150dc    00000024               : rawethsock_pcb.oem4f (.text:RawEthSockPcbFind)
                  00015100    00000024               : route.oem4f (.text:RtFree)
                  00015124    00000024               : route.oem4f (.text:RtSetTimeout)
                  00015148    00000024               : sockpcb.oem4f (.text:SockPcbCleanup)
                  0001516c    00000024               : tcptime.oem4f (.text:TcpTimeoutWait2)
                  00015190    00000024     nettool_ipv4.aem4f : config.oem4f (.text:_CfgEntryProcess)
                  000151b4    00000024     http_ndk.aem4f : httpcli.oem4f (.text:getRequestFieldValue)
                  000151d8    00000024     WQS_pem4f.oem4f (.text:ti_sysbios_BIOS_errorRaiseHook__I)
                  000151fc    00000024     WQS_pem4f.oem4f (.text:ti_sysbios_BIOS_registerRTSLock__I)
                  00015220    00000024     WQS_pem4f.oem4f (.text:ti_sysbios_BIOS_removeRTSLock__I)
                  00015244    00000024     WQS_pem4f.oem4f (.text:ti_sysbios_BIOS_startFunc__I)
                  00015268    00000024     WQS_pem4f.oem4f (.text:ti_sysbios_gates_GateMutex_Object__delete__S)
                  0001528c    00000004     ti.targets.arm.rtsarm.aem4f : Error.oem4f (.text:xdc_runtime_Error_getMsg__E)
                  00015290    00000024     sysbios.aem4f : BIOS.obj (.text:ti_sysbios_knl_Clock_Module_startup__E)
                  000152b4    00000004     ti.targets.arm.rtsarm.aem4f : Error.oem4f (.text:xdc_runtime_Error_getSite__E)
                  000152b8    00000024     sysbios.aem4f : BIOS.obj (.text:ti_sysbios_knl_Semaphore_Instance_init__E)
                  000152dc    00000024     WQS_pem4f.oem4f (.text:ti_sysbios_knl_Semaphore_Object__delete__S)
                  00015300    00000024     sysbios.aem4f : BIOS.obj (.text:ti_sysbios_knl_Task_restoreHwi__E)
                  00015324    00000024     ti.targets.arm.rtsarm.aem4f : System.oem4f (.text:xdc_runtime_System_vprintf__E)
                  00015348    00000022     nettool_ipv4.aem4f : config.oem4f (.text:CfgEntryRef)
                  0001536a    00000022     stk.aem4f : vlan.oem4f (.text:VLANFindNode)
                  0001538c    00000022     main.obj (.text:main)
                  000153ae    00000002     --HOLE-- [fill = 0]
                  000153b0    00000022     sysbios.aem4f : BIOS.obj (.text:ti_sysbios_family_arm_lm4_Timer_write__I)
                  000153d2    00000022     WQS_pem4f.oem4f (.text:xdc_runtime_SysMin_output__I)
                  000153f4    00000020     netctrl_min_ipv4.aem4f : netctrl.oem4f (.text:NC_BootComplete)
                  00015414    00000020     stk.aem4f : nimu.oem4f (.text:NIMUGetNumOfObject)
                  00015434    00000020               : rtc.oem4f (.text:RTCRemoveHook)
                  00015454    00000020               : tcp.oem4f (.text:TcpTimeoutRemove)
                  00015474    00000020     Boot.aem4f : Boot_sysctl.oem4f (.text:_SysCtlMemTimingGet)
                  00015494    00000020     WQS_pem4f.oem4f (.text:ti_sysbios_BIOS_rtsLock__I)
                  000154b4    00000020     WQS_pem4f.oem4f (.text:ti_sysbios_family_arm_m3_Hwi_Object__delete__S)
                  000154d4    00000020     sysbios.aem4f : m3_Hwi_asm.obj (.text:ti_sysbios_family_arm_m3_Hwi_excHandlerAsm__I)
                  000154f4    00000004     WQS_pem4f.oem4f (.text:xdc_runtime_System_Module_GateProxy_enter__E)
                  000154f8    00000020     sysbios.aem4f : BIOS.obj (.text:ti_sysbios_family_arm_m3_Hwi_excHandler__I)
                  00015518    00000020     WQS_pem4f.oem4f (.text:ti_sysbios_gates_GateHwi_Object__delete__S)
                  00015538    00000020     WQS_pem4f.oem4f (.text:ti_sysbios_heaps_HeapMem_Object__delete__S)
                  00015558    00000020     sysbios.aem4f : BIOS.obj (.text:ti_sysbios_knl_Idle_run__E)
                  00015578    00000020     WQS_pem4f.oem4f (.text:ti_sysbios_knl_Semaphore_Object__destruct__S)
                  00015598    00000020     WQS_pem4f.oem4f (.text:ti_sysbios_knl_Swi_Object__delete__S)
                  000155b8    00000020     WQS_pem4f.oem4f (.text:ti_sysbios_knl_Task_Object__delete__S)
                  000155d8    00000020     ti.targets.arm.rtsarm.aem4f : Registry.oem4f (.text:xdc_runtime_Registry_findById__E)
                  000155f8    00000020                                 : SysMin.oem4f (.text:xdc_runtime_SysMin_Module_startup__E)
                  00015618    0000001e     stk.aem4f : fileuser.oem4f (.text:fdError)
                  00015636    0000001e               : listlib.oem4f (.text:list_remove)
                  00015654    0000001e     rtsv7M4_T_le_v4SPD16_eabi.lib : strcat.obj (.text)
                  00015672    0000001e     sysbios.aem4f : m3_Hwi_asm_switch.obj (.text:ti_sysbios_family_xxx_Hwi_switchAndRunFunc)
                  00015690    0000001c     stk.aem4f : bind.oem4f (.text:BindFindByIF)
                  000156ac    0000001c               : exec.oem4f (.text:ExecBroadcast)
                  000156c8    0000001c     os.aem4f : ossys.oem4f (.text:NDK_sprintf)
                  000156e4    0000001c     stk.aem4f : nimu.oem4f (.text:NIMUAddHeader)
                  00015700    0000001c               : sockprot.oem4f (.text:SockPrDetach)
                  0001571c    0000001c     network_ndk.aem4f : ssock.oem4f (.text:Ssock_destruct)
                  00015738    0000001c     os.aem4f : task.oem4f (.text:TaskDestroy)
                  00015754    0000001c     drivers_tivaware.aem4f : GPIOTiva.oem4f (.text:getGpioIntIndex)
                  00015770    0000001c     rtsv7M4_T_le_v4SPD16_eabi.lib : memccpy.obj (.text)
                  0001578c    0000001c     WQS_pem4f.oem4f (.text:ti_ndk_config_global_taskCreateHook)
                  000157a8    0000001c     WQS_pem4f.oem4f (.text:ti_sysbios_family_arm_m3_Hwi_Object__destruct__S)
                  000157c4    00000004     WQS_pem4f.oem4f (.text:xdc_runtime_System_Module_GateProxy_leave__E)
                  000157c8    0000001c     sysbios.aem4f : BIOS.obj (.text:ti_sysbios_gates_GateMutex_Instance_init__E)
                  000157e4    0000001c     WQS_pem4f.oem4f (.text:ti_sysbios_knl_Queue_Object__destruct__S)
                  00015800    0000001c     sysbios.aem4f : BIOS.obj (.text:ti_sysbios_knl_Queue_put__E)
                  0001581c    00000004     ti.targets.arm.rtsarm.aem4f : System.oem4f (.text:xdc_runtime_System_aprintf_va__F)
                  00015820    0000001c     sysbios.aem4f : BIOS.obj (.text:ti_sysbios_knl_Task_enter__I)
                  0001583c    0000001c     ti.targets.arm.rtsarm.aem4f : Error.oem4f (.text:xdc_runtime_Error_raiseX__E)
                  00015858    0000001c                                 : Memory.oem4f (.text:xdc_runtime_Memory_valloc__E)
                  00015874    0000001c                                 : SysMin.oem4f (.text:xdc_runtime_SysMin_exit__E)
                  00015890    0000001c                                 : System.oem4f (.text:xdc_runtime_System_abort__E)
                  000158ac    0000001a     stk.aem4f : bind.oem4f (.text:BindGetIP)
                  000158c6    0000001a               : sockint.oem4f (.text:SockSetOOBMark)
                  000158e0    0000001a               : file.oem4f (.text:fdint_getfdt)
                  000158fa    0000001a     WQS_pem4f.oem4f (.text:ti_sysbios_family_arm_m3_Hwi_Handle__label__S)
                  00015914    0000001a     WQS_pem4f.oem4f (.text:ti_sysbios_gates_GateHwi_Handle__label__S)
                  0001592e    0000001a     WQS_pem4f.oem4f (.text:ti_sysbios_gates_GateMutex_Handle__label__S)
                  00015948    0000001a     WQS_pem4f.oem4f (.text:ti_sysbios_heaps_HeapMem_Handle__label__S)
                  00015962    0000001a     WQS_pem4f.oem4f (.text:ti_sysbios_knl_Swi_Handle__label__S)
                  0001597c    0000001a     WQS_pem4f.oem4f (.text:ti_sysbios_knl_Task_Handle__label__S)
                  00015996    00000002     --HOLE-- [fill = 0]
                  00015998    0000001a     sysbios.aem4f : BIOS.obj (.text:ti_sysbios_knl_Task_sleepTimeout__I)
                  000159b2    0000001a     WQS_pem4f.oem4f (.text:xdc_runtime_System_aprintf__E)
                  000159cc    0000001a     WQS_pem4f.oem4f (.text:xdc_runtime_System_printf__E)
                  000159e6    00000002     --HOLE-- [fill = 0]
                  000159e8    00000018     drivers_tivaware.aem4f : EMACSnow.oem4f (.text:EMACSnow_emacSend)
                  00015a00    00000018     stk.aem4f : ip.oem4f (.text:IPRtChange)
                  00015a18    00000018               : rawethsock_pcb.oem4f (.text:RawEthSockPcbCleanup)
                  00015a30    00000018     nettool_ipv4.aem4f : ipaddr.oem4f (.text:RouteHook)
                  00015a48    00000018     stk.aem4f : tcpin.oem4f (.text:SEQ_GEQ)
                  00015a60    00000018               : tcpout.oem4f (.text:SEQ_GEQ)
                  00015a78    00000018               : tcpin.oem4f (.text:SEQ_GT)
                  00015a90    00000018               : tcpout.oem4f (.text:SEQ_GT)
                  00015aa8    00000018               : tcpin.oem4f (.text:SEQ_LEQ)
                  00015ac0    00000018               : tcpout.oem4f (.text:SEQ_LEQ)
                  00015ad8    00000018               : tcpin.oem4f (.text:SEQ_LT)
                  00015af0    00000018               : tcpout.oem4f (.text:SEQ_LT)
                  00015b08    00000018               : tcp.oem4f (.text:TcpTimeoutAdd)
                  00015b20    00000018     nettool_ipv4.aem4f : dhcpsock.oem4f (.text:dhcpSocketClose)
                  00015b38    00000018     WQS_pem4f.oem4f (.text:free)
                  00015b50    00000018     nettool_ipv4.aem4f : inetaddr.oem4f (.text:freeaddrinfo)
                  00015b68    00000018     stk.aem4f : listlib.oem4f (.text:list_add)
                  00015b80    00000018     rtsv7M4_T_le_v4SPD16_eabi.lib : args_main.obj (.text)
                  00015b98    00000018                                   : strcmp.obj (.text)
                  00015bb0    00000018     WQS_pem4f.oem4f (.text:ti_sysbios_BIOS_rtsUnlock__I)
                  00015bc8    00000018     WQS_pem4f.oem4f (.text:ti_sysbios_family_arm_lm4_Timer_Module__startupDone__F)
                  00015be0    00000018     WQS_pem4f.oem4f (.text:ti_sysbios_family_arm_m3_Hwi_Module__startupDone__F)
                  00015bf8    00000018     sysbios.aem4f : m3_TaskSupport_asm.obj (.text:ti_sysbios_family_arm_m3_TaskSupport_swap__E)
                  00015c10    00000018                   : BIOS.obj (.text:ti_sysbios_gates_GateMutex_leave__E)
                  00015c28    00000018     ti.targets.arm.rtsarm.aem4f : Error.oem4f (.text:xdc_runtime_Error_check__E)
                  00015c40    00000018                                 : System.oem4f (.text:xdc_runtime_System_exit__E)
                  00015c58    00000018                                 : Text.oem4f (.text:xdc_runtime_Text_ropeText__E)
                  00015c70    00000016     driverlib.lib : emac.obj (.text:EMACReset)
                  00015c86    00000016                   : emac.obj (.text:EMACRxEnable)
                  00015c9c    00000016                   : emac.obj (.text:EMACTxEnable)
                  00015cb2    00000016     http_ndk.aem4f : httpcli.oem4f (.text:HTTPCli_destruct)
                  00015cc8    00000016                    : httpcli.oem4f (.text:HTTPCli_readRawResponseBody)
                  00015cde    00000016     driverlib.lib : i2c.obj (.text:I2CMasterErr)
                  00015cf4    00000016     stk.aem4f : file.oem4f (.text:fdint_freefdt)
                  00015d0a    00000016     rtsv7M4_T_le_v4SPD16_eabi.lib : strchr.obj (.text)
                  00015d20    00000016     WQS_pem4f.oem4f (.text:ti_sysbios_BIOS_exitFunc__I)
                  00015d36    00000016     http.obj (.text:ti_sysbios_knl_Task_Params_init)
                  00015d4c    00000016     ti.targets.arm.rtsarm.aem4f : System.oem4f (.text:xdc_runtime_System_vsprintf__E)
                  00015d62    00000014     stk.aem4f : bind.oem4f (.text:BindIPHost2IF)
                  00015d76    00000002     --HOLE-- [fill = 0]
                  00015d78    00000014     driverlib.lib : flash.obj (.text:FlashUserGet)
                  00015d8c    00000014     http_ndk.aem4f : httpcli.oem4f (.text:HTTPCli_getResponseStatus)
                  00015da0    00000014     netctrl_min_ipv4.aem4f : netctrl.oem4f (.text:NC_NetStop)
                  00015db4    00000014     os.aem4f : task.oem4f (.text:NDK_hookExit)
                  00015dc8    00000014     stk.aem4f : nimu.oem4f (.text:NIMUSendPacket)
                  00015ddc    00000014     nettool_ipv4.aem4f : ipaddr.oem4f (.text:NtRemoveNetwork)
                  00015df0    00000014     stk.aem4f : rawethsock_pcb.oem4f (.text:RawEthSockPcbInit)
                  00015e04    00000014     network_ndk.aem4f : ssock.oem4f (.text:Ssock_construct)
                  00015e18    00000014     stk.aem4f : timer.oem4f (.text:TimerFree)
                  00015e2c    00000014     rtsv7M4_T_le_v4SPD16_eabi.lib : _lock.obj (.text)
                  00015e40    00000014                                   : s_copysign.obj (.text)
                  00015e54    00000014                                   : strcpy.obj (.text)
                  00015e68    00000014                                   : strlen.obj (.text)
                  00015e7c    00000014     WQS_pem4f.oem4f (.text:ti_ndk_config_global_taskExitHook)
                  00015e90    00000014     WQS_pem4f.oem4f (.text:ti_sysbios_family_arm_m3_Hwi_Object__get__S)
                  00015ea4    00000004     ti.targets.arm.rtsarm.aem4f : System.oem4f (.text:xdc_runtime_System_printf_va__F)
                  00015ea8    00000014     sysbios.aem4f : BIOS.obj (.text:ti_sysbios_family_arm_m3_Hwi_switchFromBootStack__E)
                  00015ebc    00000014     WQS_pem4f.oem4f (.text:ti_sysbios_heaps_HeapMem_Object__get__S)
                  00015ed0    00000014     WQS_pem4f.oem4f (.text:ti_sysbios_knl_Swi_Object__get__S)
                  00015ee4    00000014     WQS_pem4f.oem4f (.text:ti_sysbios_knl_Task_Object__first__S)
                  00015ef8    00000014     WQS_pem4f.oem4f (.text:ti_sysbios_knl_Task_Object__next__S)
                  00015f0c    00000012     driverlib.lib : gpio.obj (.text:GPIOPinTypeEthernetLED)
                  00015f1e    00000012                   : gpio.obj (.text:GPIOPinTypeI2C)
                  00015f30    00000012                   : gpio.obj (.text:GPIOPinTypeI2CSCL)
                  00015f42    00000012     http_ndk.aem4f : httpcli.oem4f (.text:HTTPCli_sendRequestBody)
                  00015f54    00000012     stk.aem4f : sockprot.oem4f (.text:SockPrAttach)
                  00015f66    00000012               : sockint.oem4f (.text:SockSetOOBData)
                  00015f78    00000012     nettool_ipv4.aem4f : inetaddr.oem4f (.text:inet_addr)
                  00015f8a    00000012     rtsv7M4_T_le_v4SPD16_eabi.lib : atof.obj (.text)
                  00015f9c    00000004     --HOLE-- [fill = 0]
                  00015fa0    00000012     sysbios.aem4f : BIOS.obj (.text:ti_sysbios_hal_Hwi_Module_startup__E)
                  00015fb2    00000006     driverlib.lib : gpio.obj (.text:GPIOIntClear)
                  00015fb8    00000012     sysbios.aem4f : BIOS.obj (.text:ti_sysbios_knl_Semaphore_reset__E)
                  00015fca    00000012     WQS_pem4f.oem4f (.text:xdc_runtime_Startup_exec__I)
                  00015fdc    00000010     WQS_pem4f.oem4f (.text:.bootCodeSection:ti_catalog_arm_cortexm4_tiva_ce_Boot_init__I)
                  00015fec    00000010     stk.aem4f : bind.oem4f (.text:BindIF2IPHost)
                  00015ffc    00000010               : bind.oem4f (.text:BindIFNet2IPHost)
                  0001600c    00000010     driverlib.lib : emac.obj (.text:EMACFrameFilterSet)
                  0001601c    00000010     stk.aem4f : exec.oem4f (.text:ExecHRef)
                  0001602c    00000010     drivers_tivaware.aem4f : I2C.oem4f (.text:I2C_Params_init)
                  0001603c    00000010     netctrl_min_ipv4.aem4f : netctrl.oem4f (.text:NC_IPUpdate)
                  0001604c    00000010     stk.aem4f : nimu.oem4f (.text:NIMUGetRsvdSizeInfo)
                  0001605c    00000004     --HOLE-- [fill = 0]
                  00016060    00000010     sysbios.aem4f : BIOS.obj (.text:ti_sysbios_BIOS_exit__E)
                  00016070    00000010                   : BIOS.obj (.text:ti_sysbios_BIOS_getCpuFreq__E)
                  00016080    00000010                   : BIOS.obj (.text:ti_sysbios_BIOS_setThreadType__E)
                  00016090    00000010                   : BIOS.obj (.text:ti_sysbios_BIOS_start__E)
                  000160a0    00000010                   : m3_TaskSupport_asm.obj (.text:ti_sysbios_family_arm_m3_TaskSupport_glue)
                  000160b0    00000010                   : BIOS.obj (.text:ti_sysbios_gates_GateMutex_Instance_finalize__E)
                  000160c0    00000010                   : BIOS.obj (.text:ti_sysbios_knl_Semaphore_Instance_finalize__E)
                  000160d0    00000010                   : BIOS.obj (.text:ti_sysbios_knl_Swi_disable__E)
                  000160e0    00000010     WQS_pem4f.oem4f (.text:ti_sysbios_knl_Task_Object__get__S)
                  000160f0    00000010     sysbios.aem4f : BIOS.obj (.text:ti_sysbios_knl_Task_disable__E)
                  00016100    00000010     ti.targets.arm.rtsarm.aem4f : Gate.oem4f (.text:xdc_runtime_Gate_leaveSystem__E)
                  00016110    00000010                                 : Memory.oem4f (.text:xdc_runtime_Memory_free__E)
                  00016120    00000010                                 : SysMin.oem4f (.text:xdc_runtime_SysMin_ready__E)
                  00016130    00000010                                 : System.oem4f (.text:xdc_runtime_System_vsnprintf__E)
                  00016140    00000010     WQS_pem4f.oem4f (.text:xdc_runtime_Text_visitRope__I)
                  00016150    0000000e     drivers_tivaware.aem4f : EMACSnow.oem4f (.text:EMACSnow_emacioctl)
                  0001615e    0000000e     stk.aem4f : exec.oem4f (.text:ExecLowResource)
                  0001616c    0000000e     driverlib.lib : gpio.obj (.text:GPIOIntStatus)
                  0001617a    0000000e     rtsv7M4_T_le_v4SPD16_eabi.lib : copy_decompress_none.obj (.text:decompress:none)
                  00016188    0000000e     http_ndk.aem4f : httpcli.oem4f (.text:isValidSocket)
                  00016196    00000002     --HOLE-- [fill = 0]
                  00016198    0000000e     sysbios.aem4f : BIOS.obj (.text:ti_sysbios_knl_Idle_loop__E)
                  000161a6    00000002     --HOLE-- [fill = 0]
                  000161a8    0000000e                   : BIOS.obj (.text:ti_sysbios_knl_Queue_empty__E)
                  000161b6    00000002     --HOLE-- [fill = 0]
                  000161b8    0000000c     stk.aem4f : bind.oem4f (.text:BindGetFirst)
                  000161c4    0000000c     nettool_ipv4.aem4f : config.oem4f (.text:CfgSetDefault)
[...]
00018d3c  xdc_runtime_Error_Module__diagsEnabled__C                            
00018d40  xdc_runtime_Error_Module__diagsIncluded__C                           
00018d44  xdc_runtime_Error_Module__diagsMask__C                               
00018d48  xdc_runtime_Error_Module__loggerFxn8__C                              
00018d4c  xdc_runtime_Error_Module__loggerObj__C                               
00018d50  xdc_runtime_Error_policyFxn__C                                       
00018d54  xdc_runtime_Error_raiseHook__C                                       
00018d58  xdc_runtime_IGateProvider_Interface__BASE__C                         
00018d5c  xdc_runtime_IHeap_Interface__BASE__C                                 
00018d60  xdc_runtime_IModule_Interface__BASE__C                               
00018d64  xdc_runtime_Log_L_error__C                                           
00018d68  xdc_runtime_Memory_defaultHeapInstance__C                            
00018d6c  xdc_runtime_Startup_execImpl__C                                      
00018d70  xdc_runtime_Startup_maxPasses__C                                     
00018d74  xdc_runtime_Startup_sfxnRts__C                                       
00018d78  xdc_runtime_Startup_sfxnTab__C                                       
00018d7c  xdc_runtime_SysMin_bufSize__C                                        
00018d80  xdc_runtime_SysMin_outputFunc__C                                     
00018d84  xdc_runtime_System_Module__gateObj__C                                
00018d88  xdc_runtime_System_abortFxn__C                                       
00018d8c  xdc_runtime_System_exitFxn__C                                        
00018d90  xdc_runtime_System_extendFxn__C                                      
00018d94  xdc_runtime_System_maxAtexitHandlers__C                              
00018d98  xdc_runtime_Text_charTab__C                                          
00018d9c  xdc_runtime_Text_nameEmpty__C                                        
00018da0  xdc_runtime_Text_nameStatic__C                                       
00018da4  xdc_runtime_Text_nameUnknown__C                                      
00018da8  xdc_runtime_Text_nodeTab__C                                          
00018dac  xdc_runtime_Text_visitRopeFxn__C                                     
00018db0  ti_sysbios_heaps_HeapMem_Module__id__C                               
00018db2  ti_sysbios_knl_Task_Module__id__C                                    
00018db4  xdc_runtime_Core_Module__id__C                                       
00018db6  xdc_runtime_Error_Module__loggerDefined__C                           
00018db8  xdc_runtime_Error_maxDepth__C                                        
00018dba  xdc_runtime_Memory_Module__id__C                                     
00018dbc  xdc_runtime_SysMin_flushAtExit__C                                    
00018dbe  xdc_runtime_Text_charCnt__C                                          
00018dc0  xdc_runtime_Text_isLoaded__C                                         
00018dc2  xdc_runtime_Text_registryModsLastId__C                               
00018dc4  xdc_runtime_Text_unnamedModsLastId__C                                
00018dc8  __TI_static_base__                                                   
00019244  __TI_Handler_Table_Base                                              
00019250  __TI_Handler_Table_Limit                                             
00019260  __TI_CINIT_Base                                                      
00019278  __TI_CINIT_Limit                                                     
20000000  ti_sysbios_family_arm_m3_Hwi_ramVectors                              
20000380  ti_sysbios_heaps_HeapMem_Instance_State_0_buf__A                     
20005380  ti_ndk_config_Global_pit                                             
20005428  ti_ndk_config_Global_pitBuffer                                       
20009c28  _ICMPIn                                                              
20009c74  PBMQ_free                                                            
20009c80  ti_ndk_config_Global_pBufMem                                         
2000d880  ti_ndk_config_Global_pHdrMem                                         
2000db78  ti_sysbios_knl_Task_Instance_State_0_stack__A                        
2000e178  ti_sysbios_knl_Task_Instance_State_1_stack__A                        
2000e378  buffer                                                               
2000e778  ti_sysbios_family_arm_m3_Hwi_dispatchTable                           
2000ead8  __CIOBUF_                                                            
2000ecf8  i2cTivaObjects                                                       
2000edf8  cli                                                                  
2000eecc  tcps                                                                 
2000f1e8  xdc_runtime_SysMin_Module_State_0_outbuf__A                          
2000f268  ips                                                                  
2000f2d0  nimu_mcb                                                             
2000f334  _ICMPOut                                                             
2000f3c0  vlan_mcb                                                             
2000f40c  udps                                                                 
2000f430  BlockCount                                                           
2000f44c  BlockMax                                                             
2000f468  PageCount                                                            
2000f484  PageMax                                                              
2000f4a0  i2cTransaction                                                       
2000f4bc  stkEvent                                                             
2000f4fc  test                                                                 
2000f510  i2cParams                                                            
2000f530  raweths                                                              
2000f540  raws                                                                 
2000f550  tpseudo                                                              
2000f55c  upseudo                                                              
2000f578  bufferlen                                                            
2000f580  emacObjects                                                          
2000f58c  Do                                                                   
2000f5a8  Orp                                                                  
2000f5ac  Ph                                                                   
2000f5bc  _IGMPInDiscard                                                       
2000f5c0  _IGMPInQuery                                                         
2000f5c4  _IGMPInQueryGroup                                                    
2000f5c8  _IGMPInResponse                                                      
2000f5cc  _IGMPOutResponse                                                     
2000f5d0  elec                                                                 
2000f5d4  g_ulStatus                                                           
2000f5e8  i2c                                                                  
2000f5ec  raweth_pcb                                                           
2000f5f0  temp                                                                 
2000f5f4  ti_sysbios_knl_Task_Instance_State_0_hookEnv__A                      
2000f5f8  ti_sysbios_knl_Task_Instance_State_1_hookEnv__A                      
2000f5fd  j                                                                    
2000f600  HTTPStd_VER                                                          
2000f604  HTTPStd_GET                                                          
2000f608  HTTPStd_POST                                                         
2000f60c  HTTPStd_HEAD                                                         
2000f610  HTTPStd_OPTIONS                                                      
2000f614  HTTPStd_PUT                                                          
2000f618  HTTPStd_DELETE                                                       
2000f61c  HTTPStd_CONNECT                                                      
2000f620  HTTPStd_PATCH                                                        
2000f624  HTTPStd_CONTENT_TYPE_APPLET                                          
2000f628  HTTPStd_CONTENT_TYPE_AU                                              
2000f62c  HTTPStd_CONTENT_TYPE_CSS                                             
2000f630  HTTPStd_CONTENT_TYPE_DOC                                             
2000f634  HTTPStd_CONTENT_TYPE_GIF                                             
2000f638  HTTPStd_CONTENT_TYPE_HTML                                            
2000f63c  HTTPStd_CONTENT_TYPE_JPG                                             
2000f640  HTTPStd_CONTENT_TYPE_MPEG                                            
2000f644  HTTPStd_CONTENT_TYPE_PDF                                             
2000f648  HTTPStd_CONTENT_TYPE_WAV                                             
2000f64c  HTTPStd_CONTENT_TYPE_ZIP                                             
2000f650  HTTPStd_CONTENT_TYPE_PLAIN                                           
2000f654  HTTPStd_FIELD_NAME_ACCEPT                                            
2000f658  HTTPStd_FIELD_NAME_ACCEPT_CHARSET                                    
2000f65c  HTTPStd_FIELD_NAME_ACCEPT_ENCODING                                   
2000f660  HTTPStd_FIELD_NAME_ACCEPT_LANGUAGE                                   
2000f664  HTTPStd_FIELD_NAME_ACCEPT_RANGES                                     
2000f668  HTTPStd_FIELD_NAME_AGE                                               
2000f66c  HTTPStd_FIELD_NAME_ALLOW                                             
2000f670  HTTPStd_FIELD_NAME_AUTHORIZATION                                     
2000f674  HTTPStd_FIELD_NAME_CACHE_CONTROL                                     
2000f678  HTTPStd_FIELD_NAME_CONNECTION                                        
2000f67c  HTTPStd_FIELD_NAME_CONTENT_ENCODING                                  
2000f680  HTTPStd_FIELD_NAME_CONTENT_LANGUAGE                                  
2000f684  HTTPStd_FIELD_NAME_CONTENT_LENGTH                                    
2000f688  HTTPStd_FIELD_NAME_CONTENT_LOCATION                                  
2000f68c  HTTPStd_FIELD_NAME_CONTENT_MD5                                       
2000f690  HTTPStd_FIELD_NAME_CONTENT_RANGE                                     
2000f694  HTTPStd_FIELD_NAME_CONTENT_TYPE                                      
2000f698  HTTPStd_FIELD_NAME_COOKIE                                            
2000f69c  HTTPStd_FIELD_NAME_DATE                                              
2000f6a0  HTTPStd_FIELD_NAME_ETAG                                              
2000f6a4  HTTPStd_FIELD_NAME_EXPECT                                            
2000f6a8  HTTPStd_FIELD_NAME_EXPIRES                                           
2000f6ac  HTTPStd_FIELD_NAME_FROM                                              
2000f6b0  HTTPStd_FIELD_NAME_HOST                                              
2000f6b4  HTTPStd_FIELD_NAME_IF_MATCH                                          
2000f6b8  HTTPStd_FIELD_NAME_IF_MODIFIED_SINCE                                 
2000f6bc  HTTPStd_FIELD_NAME_IF_NONE_MATCH                                     
2000f6c0  HTTPStd_FIELD_NAME_IF_RANGE                                          
2000f6c4  HTTPStd_FIELD_NAME_IF_UNMODIFIED_SINCE                               
2000f6c8  HTTPStd_FIELD_NAME_LAST_MODIFIED                                     
2000f6cc  HTTPStd_FIELD_NAME_LOCATION                                          
2000f6d0  HTTPStd_FIELD_NAME_MAX_FORWARDS                                      
2000f6d4  HTTPStd_FIELD_NAME_ORIGIN                                            
2000f6d8  HTTPStd_FIELD_NAME_PRAGMA                                            
2000f6dc  HTTPStd_FIELD_NAME_PROXY_AUTHENTICATE                                
2000f6e0  HTTPStd_FIELD_NAME_PROXY_AUTHORIZATION                               
2000f6e4  HTTPStd_FIELD_NAME_RANGE                                             
2000f6e8  HTTPStd_FIELD_NAME_REFERER                                           
2000f6ec  HTTPStd_FIELD_NAME_RETRY_AFTER                                       
2000f6f0  HTTPStd_FIELD_NAME_SERVER                                            
2000f6f4  HTTPStd_FIELD_NAME_TE                                                
2000f6f8  HTTPStd_FIELD_NAME_TRAILER                                           
2000f6fc  HTTPStd_FIELD_NAME_TRANSFER_ENCODING                                 
2000f700  HTTPStd_FIELD_NAME_UPGRADE                                           
2000f704  HTTPStd_FIELD_NAME_USER_AGENT                                        
2000f708  HTTPStd_FIELD_NAME_VARY                                              
2000f70c  HTTPStd_FIELD_NAME_VIA                                               
2000f710  HTTPStd_FIELD_NAME_WWW_AUTHENTICATE                                  
2000f714  HTTPStd_FIELD_NAME_WARNING                                           
2000f718  HTTPStd_FIELD_NAME_X_FORWARDED_FOR                                   
2000f71c  _ipcfg                                                               
2000f7d0  ti_sysbios_knl_Task_Object__table__V                                 
2000f868  ti_sysbios_knl_Swi_Module_State_0_readyQ__A                          
2000f8e8  ti_sysbios_knl_Task_Module_State_0_readyQ__A                         
2000f9b5  flag101                                                              
2000f9b8  ti_sysbios_knl_Task_Module__state__V                                 
2000fa7c  ti_sysbios_family_arm_lm4_Timer_Module_State_0_device__A             
2000fabc  ti_sysbios_family_arm_lm4_Timer_Object__table__V                     
2000fafc  ti_sysbios_gates_GateMutex_Object__table__V                          
2000fb68  ti_sysbios_family_arm_m3_Hwi_Module__state__V                        
2000fb9c  enablePrefetch                                                       
2000fba0  phyCounter                                                           
2000fbce  ti_sysbios_family_arm_m3_Hwi_Module_State_0_excActive__A             
2000fc00  ti_sysbios_knl_Swi_Object__table__V                                  
2000fc30  ti_sysbios_knl_Clock_Module__state__V                                
2000fc5c  pstrMsgName                                                          
2000fc84  _oscfg                                                               
2000fca8  PITCount                                                             
2000fcac  PITUsed                                                              
2000fcb0  PITHigh                                                              
2000fccc  ti_sysbios_BIOS_Module__state__V                                     
2000fcf0  ti_sysbios_family_arm_lm4_Timer_Module_State_0_handles__A            
2000fd2c  ti_ndk_config_Global_Id2Size                                         
2000fd48  ti_sysbios_knl_Swi_Module__state__V                                  
2000fdac  ti_sysbios_family_arm_m3_Hwi_Object__table__V                        
2000fdc4  ti_sysbios_heaps_HeapMem_Object__table__V                            
2000fe18  gpioPinConfigs                                                       
2000fe40  _IGMPForceVersion1                                                   
2000fe48  __TI_cleanup_ptr                                                     
2000fe4c  __TI_dtors_ptr                                                       
2000fe50  __TI_enable_exit_profile_output                                      
2000fe54  ti_sysbios_family_arm_lm4_Timer_Module__state__V                     
2000fe60  xdc_runtime_SysMin_Module__state__V                                  
2000fe78  _lock                                                                
2000fe7c  _unlock                                                              
2000fe80  NIMUDeviceTable                                                      
2000fe88  ti_ndk_config_Global_HostName                                        
2000fe8c  __xdc__init__addr                                                    
2000fe90  gpioCallbackFunctions                                                
2000fea8  _ICMPInErrors                                                        
2000feac  _ICMPOutErrors                                                       
2000feb0  _IPExecuting                                                         
2000fec8  tcp_iss                                                              
2000fecc  ptTimeFirst                                                          
2000fed8  ti_sysbios_family_arm_m3_Hwi_Module__root__V                         
2000fee0  ti_sysbios_gates_GateHwi_Module__root__V                             
2000fee8  ti_sysbios_gates_GateMutex_Module__root__V                           
2000fef0  ti_sysbios_heaps_HeapMem_Module__root__V                             
2000fef8  ti_sysbios_knl_Clock_Module__root__V                                 
2000ff00  ti_sysbios_knl_Queue_Module__root__V                                 
2000ff08  ti_sysbios_knl_Semaphore_Module__root__V                             
2000ff10  ti_sysbios_knl_Swi_Module__root__V                                   
2000ff18  ti_sysbios_knl_Task_Module__root__V                                  
2000ff20  xdc_runtime_Registry_Module__state__V                                
2000ff28  xdc_runtime_Startup_Module__state__V                                 
2000ff30  xdc_runtime_System_Module_State_0_atexitHandlers__A                  
2000ff38  xdc_runtime_System_Module__state__V                                  
2000ff40  macAddress                                                           
2000ff52  xdc_runtime_Error_Module__state__V                                   
2000ff64  errno                                                                
2000ff68  main_func_sp                                                         
2000ff70  _IPReasmPtr                                                          
2000ff80  ti_sysbios_family_arm_m3_Hwi_Module_State_0_excContext__A            
2000ff84  ti_sysbios_family_arm_m3_Hwi_Module_State_0_excStack__A              
2000ff88  ti_sysbios_gates_GateHwi_Object__table__V                            
2000ff8c  ti_sysbios_knl_Task_Module_State_0_idleTask__A                       
2000ff90  xdc_runtime_Memory_Module__state__V                                  
2000ff94  __stack                                                              
20010794  __STACK_END                                                          
e000e000  ti_sysbios_family_arm_m3_Hwi_nvic                                    
ffffffff  __TI_pprof_out_hndl                                                  
ffffffff  __TI_prof_data_size                                                  
ffffffff  __TI_prof_data_start                                                 
ffffffff  __binit__                                                            
ffffffff  __c_args__                                                           
ffffffff  binit                                                                
UNDEFED   SHT$$INIT_ARRAY$$Base                                                
UNDEFED   SHT$$INIT_ARRAY$$Limit                                               

[1170 symbols]
